Archive member included to satisfy reference by file (symbol)

../third_party/libopencm3/lib\libopencm3_stm32f1.a(exti_common_all.o)
                              build/src/main.o (exti_set_trigger)
../third_party/libopencm3/lib\libopencm3_stm32f1.a(gpio.o)
                              build/src/main.o (gpio_set_mode)
../third_party/libopencm3/lib\libopencm3_stm32f1.a(gpio_common_all.o)
                              build/src/main.o (gpio_set)
../third_party/libopencm3/lib\libopencm3_stm32f1.a(rcc.o)
                              build/src/main.o (rcc_set_usbpre)
../third_party/libopencm3/lib\libopencm3_stm32f1.a(rcc_common_all.o)
                              build/src/main.o (rcc_periph_clock_enable)
../third_party/libopencm3/lib\libopencm3_stm32f1.a(timer_common_all.o)
                              build/src/main.o (timer_enable_counter)
../third_party/libopencm3/lib\libopencm3_stm32f1.a(usb.o)
                              build/src/main.o (usbd_init)
../third_party/libopencm3/lib\libopencm3_stm32f1.a(usb_control.o)
                              build/src/main.o (usbd_register_control_callback)
../third_party/libopencm3/lib\libopencm3_stm32f1.a(usb_standard.o)
                              build/src/main.o (usbd_register_set_config_callback)
../third_party/libopencm3/lib\libopencm3_stm32f1.a(st_usbfs_v1.o)
                              build/src/main.o (st_usbfs_v1_usb_driver)
../third_party/libopencm3/lib\libopencm3_stm32f1.a(systick.o)
                              build/src/main.o (systick_set_reload)
../third_party/libopencm3/lib\libopencm3_stm32f1.a(nvic.o)
                              build/src/main.o (nvic_enable_irq)
../third_party/libopencm3/lib\libopencm3_stm32f1.a(assert.o)
                              ../third_party/libopencm3/lib\libopencm3_stm32f1.a(rcc.o) (cm3_assert_failed)
../third_party/libopencm3/lib\libopencm3_stm32f1.a(flash_common_all.o)
                              ../third_party/libopencm3/lib\libopencm3_stm32f1.a(rcc.o) (flash_set_ws)
../third_party/libopencm3/lib\libopencm3_stm32f1.a(st_usbfs_core.o)
                              ../third_party/libopencm3/lib\libopencm3_stm32f1.a(st_usbfs_v1.o) (st_usbfs_set_address)
E:/Toolchains/bin/../lib/gcc/arm-none-eabi/14.3.1/../../../../arm-none-eabi/lib/thumb/v7-m/nofp\libc.a(libc_a-exit.o)
                              E:/Toolchains/bin/../lib/gcc/arm-none-eabi/14.3.1/../../../../arm-none-eabi/lib/thumb/v7-m/nofp/crt0.o (exit)
E:/Toolchains/bin/../lib/gcc/arm-none-eabi/14.3.1/../../../../arm-none-eabi/lib/thumb/v7-m/nofp\libc.a(libc_a-findfp.o)
                              E:/Toolchains/bin/../lib/gcc/arm-none-eabi/14.3.1/../../../../arm-none-eabi/lib/thumb/v7-m/nofp\libc.a(libc_a-exit.o) (__stdio_exit_handler)
E:/Toolchains/bin/../lib/gcc/arm-none-eabi/14.3.1/../../../../arm-none-eabi/lib/thumb/v7-m/nofp\libc.a(libc_a-fwalk.o)
                              E:/Toolchains/bin/../lib/gcc/arm-none-eabi/14.3.1/../../../../arm-none-eabi/lib/thumb/v7-m/nofp\libc.a(libc_a-findfp.o) (_fwalk_sglue)
E:/Toolchains/bin/../lib/gcc/arm-none-eabi/14.3.1/../../../../arm-none-eabi/lib/thumb/v7-m/nofp\libc.a(libc_a-stdio.o)
                              E:/Toolchains/bin/../lib/gcc/arm-none-eabi/14.3.1/../../../../arm-none-eabi/lib/thumb/v7-m/nofp\libc.a(libc_a-findfp.o) (__sread)
E:/Toolchains/bin/../lib/gcc/arm-none-eabi/14.3.1/../../../../arm-none-eabi/lib/thumb/v7-m/nofp\libc.a(libc_a-memcmp.o)
                              ../third_party/libopencm3/lib\libopencm3_stm32f1.a(usb_standard.o) (memcmp)
E:/Toolchains/bin/../lib/gcc/arm-none-eabi/14.3.1/../../../../arm-none-eabi/lib/thumb/v7-m/nofp\libc.a(libc_a-memset.o)
                              E:/Toolchains/bin/../lib/gcc/arm-none-eabi/14.3.1/../../../../arm-none-eabi/lib/thumb/v7-m/nofp/crt0.o (memset)
E:/Toolchains/bin/../lib/gcc/arm-none-eabi/14.3.1/../../../../arm-none-eabi/lib/thumb/v7-m/nofp\libc.a(libc_a-closer.o)
                              E:/Toolchains/bin/../lib/gcc/arm-none-eabi/14.3.1/../../../../arm-none-eabi/lib/thumb/v7-m/nofp\libc.a(libc_a-stdio.o) (_close_r)
E:/Toolchains/bin/../lib/gcc/arm-none-eabi/14.3.1/../../../../arm-none-eabi/lib/thumb/v7-m/nofp\libc.a(libc_a-reent.o)
                              E:/Toolchains/bin/../lib/gcc/arm-none-eabi/14.3.1/../../../../arm-none-eabi/lib/thumb/v7-m/nofp\libc.a(libc_a-closer.o) (errno)
E:/Toolchains/bin/../lib/gcc/arm-none-eabi/14.3.1/../../../../arm-none-eabi/lib/thumb/v7-m/nofp\libc.a(libc_a-impure.o)
                              E:/Toolchains/bin/../lib/gcc/arm-none-eabi/14.3.1/../../../../arm-none-eabi/lib/thumb/v7-m/nofp\libc.a(libc_a-reent.o) (_impure_ptr)
E:/Toolchains/bin/../lib/gcc/arm-none-eabi/14.3.1/../../../../arm-none-eabi/lib/thumb/v7-m/nofp\libc.a(libc_a-lseekr.o)
                              E:/Toolchains/bin/../lib/gcc/arm-none-eabi/14.3.1/../../../../arm-none-eabi/lib/thumb/v7-m/nofp\libc.a(libc_a-stdio.o) (_lseek_r)
[...]
Memory Configuration

Name             Origin             Length             Attributes
FLASH            0x08000000         0x00010000         xr
RAM              0x20000000         0x00005000         xrw
*default*        0x00000000         0xffffffff

Linker script and memory map

LOAD E:/Toolchains/bin/../lib/gcc/arm-none-eabi/14.3.1/thumb/v7-m/nofp/crti.o
LOAD E:/Toolchains/bin/../lib/gcc/arm-none-eabi/14.3.1/thumb/v7-m/nofp/crtbegin.o
LOAD E:/Toolchains/bin/../lib/gcc/arm-none-eabi/14.3.1/../../../../arm-none-eabi/lib/thumb/v7-m/nofp/crt0.o
LOAD build/src/startup_stm32f103xb.o
LOAD build/src/main.o
LOAD ../third_party/libopencm3/lib\libopencm3_stm32f1.a
START GROUP
LOAD E:/Toolchains/bin/../lib/gcc/arm-none-eabi/14.3.1/thumb/v7-m/nofp\libgcc.a
LOAD E:/Toolchains/bin/../lib/gcc/arm-none-eabi/14.3.1/../../../../arm-none-eabi/lib/thumb/v7-m/nofp\libc.a
END GROUP
LOAD E:/Toolchains/bin/../lib/gcc/arm-none-eabi/14.3.1/thumb/v7-m/nofp/crtend.o
LOAD E:/Toolchains/bin/../lib/gcc/arm-none-eabi/14.3.1/thumb/v7-m/nofp/crtn.o

.isr_vector     0x08000000       0x64
 *(.isr_vector)
 .isr_vector    0x08000000       0x64 build/src/startup_stm32f103xb.o
                0x08000000                g_pfnVectors

.text           0x08000064     0x1fe0
 *(.text*)
 .text.Reset_Handler
                0x08000064       0x44 build/src/startup_stm32f103xb.o
                0x08000064                Reset_Handler
 .text.Default_Handler
                0x080000a8        0x2 build/src/startup_stm32f103xb.o
 *fill*         0x080000aa        0x2 
 .text.ring_free
                0x080000ac       0x1c build/src/main.o
 .text.pb0_build_frame
                0x080000c8       0x64 build/src/main.o
 .text.cdcacm_control_request
                0x0800012c       0x30 build/src/main.o
 .text.cdcacm_set_config
                0x0800015c       0x54 build/src/main.o
 .text.cdcacm_data_rx_cb
                0x080001b0       0x1a build/src/main.o
 *fill*         0x080001ca        0x2 
 .text.pb0_set  0x080001cc       0x14 build/src/main.o
 .text.ring_push_byte.isra.0
                0x080001e0       0x48 build/src/main.o
 .text.ring_push_frame
                0x08000228       0x40 build/src/main.o
 .text.capture_edge
                0x08000268      0x22c build/src/main.o
 .text.SysTick_Handler
                0x08000494       0x10 build/src/main.o
                0x08000494                SysTick_Handler
 .text.EXTI0_IRQHandler
                0x080004a4       0x1c build/src/main.o
                0x080004a4                EXTI0_IRQHandler
 .text.EXTI1_IRQHandler
                0x080004c0       0x1c build/src/main.o
                0x080004c0                EXTI1_IRQHandler
 .text.EXTI2_IRQHandler
                0x080004dc       0x1c build/src/main.o
                0x080004dc                EXTI2_IRQHandler
 .text.startup.main
                0x080004f8      0x450 build/src/main.o
                0x080004f8                main
 .text.exti_set_trigger
                0x08000948       0x48 ../third_party/libopencm3/lib\libopencm3_stm32f1.a(exti_common_all.o)
                0x08000948                exti_set_trigger
 .text.exti_enable_request
                0x08000990       0x1c ../third_party/libopencm3/lib\libopencm3_stm32f1.a(exti_common_all.o)
                0x08000990                exti_enable_request
 .text.exti_disable_request
                0x080009ac       0x20 ../third_party/libopencm3/lib\libopencm3_stm32f1.a(exti_common_all.o)
                0x080009ac                exti_disable_request
 .text.exti_reset_request
                0x080009cc        0xc ../third_party/libopencm3/lib\libopencm3_stm32f1.a(exti_common_all.o)
                0x080009cc                exti_reset_request
 .text.exti_get_flag_status
                0x080009d8       0x10 ../third_party/libopencm3/lib\libopencm3_stm32f1.a(exti_common_all.o)
                0x080009d8                exti_get_flag_status
 .text.exti_select_source
                0x080009e8       0xa0 ../third_party/libopencm3/lib\libopencm3_stm32f1.a(exti_common_all.o)
                0x080009e8                exti_select_source
 .text.gpio_set_mode
                0x08000a88       0x6a ../third_party/libopencm3/lib\libopencm3_stm32f1.a(gpio.o)
                0x08000a88                gpio_set_mode
 .text.gpio_set
                0x08000af2        0x4 ../third_party/libopencm3/lib\libopencm3_stm32f1.a(gpio_common_all.o)
                0x08000af2                gpio_set
 .text.gpio_clear
                0x08000af6        0x6 ../third_party/libopencm3/lib\libopencm3_stm32f1.a(gpio_common_all.o)
                0x08000af6                gpio_clear
 .text.gpio_get
                0x08000afc        0x6 ../third_party/libopencm3/lib\libopencm3_stm32f1.a(gpio_common_all.o)
                0x08000afc                gpio_get
 *fill*         0x08000b02        0x2 
 .text.rcc_is_osc_ready
                0x08000b04       0x58 ../third_party/libopencm3/lib\libopencm3_stm32f1.a(rcc.o)
                0x08000b04                rcc_is_osc_ready
 .text.rcc_wait_for_osc_ready
                0x08000b5c       0x10 ../third_party/libopencm3/lib\libopencm3_stm32f1.a(rcc.o)
                0x08000b5c                rcc_wait_for_osc_ready
 .text.rcc_osc_on
                0x08000b6c       0x60 ../third_party/libopencm3/lib\libopencm3_stm32f1.a(rcc.o)
                0x08000b6c                rcc_osc_on
 .text.rcc_set_sysclk_source
                0x08000bcc       0x14 ../third_party/libopencm3/lib\libopencm3_stm32f1.a(rcc.o)
                0x08000bcc                rcc_set_sysclk_source
 .text.rcc_set_pll_multiplication_factor
                0x08000be0       0x14 ../third_party/libopencm3/lib\libopencm3_stm32f1.a(rcc.o)
                0x08000be0                rcc_set_pll_multiplication_factor
 .text.rcc_set_pll_source
                0x08000bf4       0x14 ../third_party/libopencm3/lib\libopencm3_stm32f1.a(rcc.o)
                0x08000bf4                rcc_set_pll_source
 .text.rcc_set_pllxtpre
                0x08000c08       0x14 ../third_party/libopencm3/lib\libopencm3_stm32f1.a(rcc.o)
                0x08000c08                rcc_set_pllxtpre
 .text.rcc_set_adcpre
                0x08000c1c       0x14 ../third_party/libopencm3/lib\libopencm3_stm32f1.a(rcc.o)
                0x08000c1c                rcc_set_adcpre
 .text.rcc_set_ppre2
                0x08000c30       0x14 ../third_party/libopencm3/lib\libopencm3_stm32f1.a(rcc.o)
                0x08000c30                rcc_set_ppre2
 .text.rcc_set_ppre1
                0x08000c44       0x14 ../third_party/libopencm3/lib\libopencm3_stm32f1.a(rcc.o)
                0x08000c44                rcc_set_ppre1
 .text.rcc_set_hpre
                0x08000c58       0x14 ../third_party/libopencm3/lib\libopencm3_stm32f1.a(rcc.o)
                0x08000c58                rcc_set_hpre
 .text.rcc_set_usbpre
                0x08000c6c       0x18 ../third_party/libopencm3/lib\libopencm3_stm32f1.a(rcc.o)
                0x08000c6c                rcc_set_usbpre
 .text.rcc_clock_setup_in_hse_8mhz_out_72mhz
                0x08000c84       0x88 ../third_party/libopencm3/lib\libopencm3_stm32f1.a(rcc.o)
                0x08000c84                rcc_clock_setup_in_hse_8mhz_out_72mhz
 .text.rcc_periph_clock_enable
                0x08000d0c       0x1a ../third_party/libopencm3/lib\libopencm3_stm32f1.a(rcc_common_all.o)
                0x08000d0c                rcc_periph_clock_enable
 .text.timer_enable_counter
                0x08000d26        0xa ../third_party/libopencm3/lib\libopencm3_stm32f1.a(timer_common_all.o)
                0x08000d26                timer_enable_counter
 .text.timer_set_prescaler
                0x08000d30        0x4 ../third_party/libopencm3/lib\libopencm3_stm32f1.a(timer_common_all.o)
                0x08000d30                timer_set_prescaler
 .text.timer_set_period
                0x08000d34        0x4 ../third_party/libopencm3/lib\libopencm3_stm32f1.a(timer_common_all.o)
                0x08000d34                timer_set_period
 .text.timer_get_counter
                0x08000d38        0x4 ../third_party/libopencm3/lib\libopencm3_stm32f1.a(timer_common_all.o)
                0x08000d38                timer_get_counter
 .text.usbd_init
                0x08000d3c       0x54 ../third_party/libopencm3/lib\libopencm3_stm32f1.a(usb.o)
                0x08000d3c                usbd_init
 .text.usbd_poll
                0x08000d90        0x8 ../third_party/libopencm3/lib\libopencm3_stm32f1.a(usb.o)
                0x08000d90                usbd_poll
 .text.usbd_ep_setup
                0x08000d98        0xe ../third_party/libopencm3/lib\libopencm3_stm32f1.a(usb.o)
                0x08000d98                usbd_ep_setup
 .text._usbd_reset
                0x08000da6       0x32 ../third_party/libopencm3/lib\libopencm3_stm32f1.a(usb.o)
                0x08000da6                _usbd_reset
 .text.usbd_ep_write_packet
                0x08000dd8        0xe ../third_party/libopencm3/lib\libopencm3_stm32f1.a(usb.o)
                0x08000dd8                usbd_ep_write_packet
 .text.usbd_ep_read_packet
                0x08000de6        0xe ../third_party/libopencm3/lib\libopencm3_stm32f1.a(usb.o)
                0x08000de6                usbd_ep_read_packet
 .text.usbd_ep_stall_set
                0x08000df4        0x8 ../third_party/libopencm3/lib\libopencm3_stm32f1.a(usb.o)
                0x08000df4                usbd_ep_stall_set
 .text.usbd_ep_stall_get
                0x08000dfc        0x8 ../third_party/libopencm3/lib\libopencm3_stm32f1.a(usb.o)
                0x08000dfc                usbd_ep_stall_get
 .text.usbd_ep_nak_set
                0x08000e04        0x8 ../third_party/libopencm3/lib\libopencm3_stm32f1.a(usb.o)
                0x08000e04                usbd_ep_nak_set
 .text.usb_control_send_chunk
                0x08000e0c       0x56 ../third_party/libopencm3/lib\libopencm3_stm32f1.a(usb_control.o)
 .text.usb_control_request_dispatch
                0x08000e62       0x90 ../third_party/libopencm3/lib\libopencm3_stm32f1.a(usb_control.o)
 .text.stall_transaction
                0x08000ef2       0x14 ../third_party/libopencm3/lib\libopencm3_stm32f1.a(usb_control.o)
 .text.usb_control_recv_chunk
                0x08000f06       0x42 ../third_party/libopencm3/lib\libopencm3_stm32f1.a(usb_control.o)
 .text.usbd_register_control_callback
                0x08000f48       0x2c ../third_party/libopencm3/lib\libopencm3_stm32f1.a(usb_control.o)
                0x08000f48                usbd_register_control_callback
 .text._usbd_control_setup
                0x08000f74       0xac ../third_party/libopencm3/lib\libopencm3_stm32f1.a(usb_control.o)
                0x08000f74                _usbd_control_setup
 .text._usbd_control_out
                0x08001020       0x84 ../third_party/libopencm3/lib\libopencm3_stm32f1.a(usb_control.o)
                0x08001020                _usbd_control_out
 .text._usbd_control_in
                0x080010a4       0x64 ../third_party/libopencm3/lib\libopencm3_stm32f1.a(usb_control.o)
                0x080010a4                _usbd_control_in
 .text.usb_standard_set_address
                0x08001108       0x28 ../third_party/libopencm3/lib\libopencm3_stm32f1.a(usb_standard.o)
 .text.usb_standard_set_configuration
                0x08001130       0x92 ../third_party/libopencm3/lib\libopencm3_stm32f1.a(usb_standard.o)
 .text.usb_standard_get_configuration
                0x080011c2       0x22 ../third_party/libopencm3/lib\libopencm3_stm32f1.a(usb_standard.o)
 .text.usb_standard_set_interface
                0x080011e4       0x50 ../third_party/libopencm3/lib\libopencm3_stm32f1.a(usb_standard.o)
 .text.usb_standard_get_interface
                0x08001234       0x34 ../third_party/libopencm3/lib\libopencm3_stm32f1.a(usb_standard.o)
 .text.usb_standard_device_get_status
                0x08001268       0x18 ../third_party/libopencm3/lib\libopencm3_stm32f1.a(usb_standard.o)
 .text.usb_standard_endpoint_get_status
                0x08001280       0x2a ../third_party/libopencm3/lib\libopencm3_stm32f1.a(usb_standard.o)
 .text.usb_standard_endpoint_stall
                0x080012aa       0x10 ../third_party/libopencm3/lib\libopencm3_stm32f1.a(usb_standard.o)
 .text.usb_standard_endpoint_unstall
                0x080012ba       0x10 ../third_party/libopencm3/lib\libopencm3_stm32f1.a(usb_standard.o)
 *fill*         0x080012ca        0x2 
 .text.usb_standard_get_descriptor
                0x080012cc      0x384 ../third_party/libopencm3/lib\libopencm3_stm32f1.a(usb_standard.o)
 .text.usb_standard_interface_get_status
                0x08001650       0x18 ../third_party/libopencm3/lib\libopencm3_stm32f1.a(usb_standard.o)
 .text.usbd_register_set_config_callback
                0x08001668       0x28 ../third_party/libopencm3/lib\libopencm3_stm32f1.a(usb_standard.o)
                0x08001668                usbd_register_set_config_callback
 .text._usbd_standard_request_device
                0x08001690       0x48 ../third_party/libopencm3/lib\libopencm3_stm32f1.a(usb_standard.o)
                0x08001690                _usbd_standard_request_device
 .text._usbd_standard_request_interface
                0x080016d8       0x30 ../third_party/libopencm3/lib\libopencm3_stm32f1.a(usb_standard.o)
                0x080016d8                _usbd_standard_request_interface
 .text._usbd_standard_request_endpoint
                0x08001708       0x3c ../third_party/libopencm3/lib\libopencm3_stm32f1.a(usb_standard.o)
                0x08001708                _usbd_standard_request_endpoint
 .text._usbd_standard_request
                0x08001744       0x30 ../third_party/libopencm3/lib\libopencm3_stm32f1.a(usb_standard.o)
                0x08001744                _usbd_standard_request
 .text.st_usbfs_v1_usbd_init
                0x08001774       0x30 ../third_party/libopencm3/lib\libopencm3_stm32f1.a(st_usbfs_v1.o)
 .text.st_usbfs_copy_to_pm
                0x080017a4       0x1a ../third_party/libopencm3/lib\libopencm3_stm32f1.a(st_usbfs_v1.o)
                0x080017a4                st_usbfs_copy_to_pm
 .text.st_usbfs_copy_from_pm
                0x080017be       0x24 ../third_party/libopencm3/lib\libopencm3_stm32f1.a(st_usbfs_v1.o)
                0x080017be                st_usbfs_copy_from_pm
 .text.systick_set_reload
                0x080017e2        0xc ../third_party/libopencm3/lib\libopencm3_stm32f1.a(systick.o)
                0x080017e2                systick_set_reload
 .text.systick_set_clocksource
                0x080017ee       0x14 ../third_party/libopencm3/lib\libopencm3_stm32f1.a(systick.o)
                0x080017ee                systick_set_clocksource
 .text.systick_interrupt_enable
                0x08001802        0xe ../third_party/libopencm3/lib\libopencm3_stm32f1.a(systick.o)
                0x08001802                systick_interrupt_enable
 .text.systick_counter_enable
                0x08001810        0xe ../third_party/libopencm3/lib\libopencm3_stm32f1.a(systick.o)
                0x08001810                systick_counter_enable
 .text.nvic_enable_irq
                0x0800181e       0x18 ../third_party/libopencm3/lib\libopencm3_stm32f1.a(nvic.o)
                0x0800181e                nvic_enable_irq
 *fill*         0x08001836        0x2 
 .text.flash_set_ws
                0x08001838       0x14 ../third_party/libopencm3/lib\libopencm3_stm32f1.a(flash_common_all.o)
                0x08001838                flash_set_ws
 .text.st_usbfs_set_address
                0x0800184c       0x10 ../third_party/libopencm3/lib\libopencm3_stm32f1.a(st_usbfs_core.o)
                0x0800184c                st_usbfs_set_address
 .text.st_usbfs_set_ep_rx_bufsize
                0x0800185c       0x44 ../third_party/libopencm3/lib\libopencm3_stm32f1.a(st_usbfs_core.o)
                0x0800185c                st_usbfs_set_ep_rx_bufsize
 .text.st_usbfs_ep_setup
                0x080018a0      0x128 ../third_party/libopencm3/lib\libopencm3_stm32f1.a(st_usbfs_core.o)
                0x080018a0                st_usbfs_ep_setup
 .text.st_usbfs_endpoints_reset
                0x080019c8       0x44 ../third_party/libopencm3/lib\libopencm3_stm32f1.a(st_usbfs_core.o)
                0x080019c8                st_usbfs_endpoints_reset
 .text.st_usbfs_ep_stall_set
                0x08001a0c       0xbc ../third_party/libopencm3/lib\libopencm3_stm32f1.a(st_usbfs_core.o)
                0x08001a0c                st_usbfs_ep_stall_set
 .text.st_usbfs_ep_stall_get
                0x08001ac8       0x38 ../third_party/libopencm3/lib\libopencm3_stm32f1.a(st_usbfs_core.o)
                0x08001ac8                st_usbfs_ep_stall_get
 .text.st_usbfs_ep_nak_set
                0x08001b00       0x3c ../third_party/libopencm3/lib\libopencm3_stm32f1.a(st_usbfs_core.o)
                0x08001b00                st_usbfs_ep_nak_set
 .text.st_usbfs_ep_write_packet
                0x08001b3c       0x88 ../third_party/libopencm3/lib\libopencm3_stm32f1.a(st_usbfs_core.o)
                0x08001b3c                st_usbfs_ep_write_packet
 .text.st_usbfs_ep_read_packet
                0x08001bc4       0xb4 ../third_party/libopencm3/lib\libopencm3_stm32f1.a(st_usbfs_core.o)
                0x08001bc4                st_usbfs_ep_read_packet
 .text.st_usbfs_poll
                0x08001c78       0xf0 ../third_party/libopencm3/lib\libopencm3_stm32f1.a(st_usbfs_core.o)
                0x08001c78                st_usbfs_poll
 .text.memcmp   0x08001d68       0x5c E:/Toolchains/bin/../lib/gcc/arm-none-eabi/14.3.1/../../../../arm-none-eabi/lib/thumb/v7-m/nofp\libc.a(libc_a-memcmp.o)
                0x08001d68                memcmp
 .text          0x08001dc4       0xec E:/Toolchains/bin/../lib/gcc/arm-none-eabi/14.3.1/../../../../arm-none-eabi/lib/thumb/v7-m/nofp\libc.a(libc_a-memcpy.o)
                0x08001dc4                memcpy
 .text.strlen   0x08001eb0       0x5c E:/Toolchains/bin/../lib/gcc/arm-none-eabi/14.3.1/../../../../arm-none-eabi/lib/thumb/v7-m/nofp\libc.a(libc_a-strlen-stub.o)
                0x08001eb0                strlen
 *(.rodata*)
 .rodata.str1.1
                0x08001f0c       0x27 build/src/main.o
 .rodata.config
                0x08001f33        0xd build/src/main.o
 .rodata.ifaces
                0x08001f40       0x20 build/src/main.o
 .rodata.data_iface
                0x08001f60       0x15 build/src/main.o
 .rodata.comm_iface
                0x08001f75       0x15 build/src/main.o
 .rodata.cdcacm_functional_descriptors
                0x08001f8a       0x13 build/src/main.o
 .rodata.data_endp
                0x08001f9d       0x1e build/src/main.o
 .rodata.comm_endp
                0x08001fbb        0xf build/src/main.o
 .rodata.dev    0x08001fca       0x12 build/src/main.o
 .rodata        0x08001fdc        0x8 build/src/main.o
 .rodata.microsoft_os_descriptor_platform_capability_id
                0x08001fe4       0x10 ../third_party/libopencm3/lib\libopencm3_stm32f1.a(usb_standard.o)
 .rodata.st_usbfs_v1_usb_driver
                0x08001ff4       0x38 ../third_party/libopencm3/lib\libopencm3_stm32f1.a(st_usbfs_v1.o)
                0x08001ff4                st_usbfs_v1_usb_driver
 *(.init)
 .init          0x0800202c        0x4 E:/Toolchains/bin/../lib/gcc/arm-none-eabi/14.3.1/thumb/v7-m/nofp/crti.o
                0x0800202c                _init
 .init          0x08002030        0x8 E:/Toolchains/bin/../lib/gcc/arm-none-eabi/14.3.1/thumb/v7-m/nofp/crtn.o
 *(.fini)
 .fini          0x08002038        0x4 E:/Toolchains/bin/../lib/gcc/arm-none-eabi/14.3.1/thumb/v7-m/nofp/crti.o
                0x08002038                _fini
 .fini          0x0800203c        0x8 E:/Toolchains/bin/../lib/gcc/arm-none-eabi/14.3.1/thumb/v7-m/nofp/crtn.o
                0x0800204c                        _etext = .

.glue_7         0x08002044        0x0
 .glue_7        0x08002044        0x0 linker stubs

.glue_7t        0x08002044        0x0
 .glue_7t       0x08002044        0x0 linker stubs

.vfp11_veneer   0x08002044        0x0
 .vfp11_veneer  0x08002044        0x0 linker stubs

.v4_bx          0x08002044        0x0
 .v4_bx         0x08002044        0x0 linker stubs

.iplt           0x08002044        0x0
 .iplt          0x08002044        0x0 build/src/startup_stm32f103xb.o

.ARM.extab
 *(.ARM.extab* .gnu.linkonce.armextab.*)

.ARM.exidx      0x08002044        0x8
 *(.ARM.exidx* .gnu.linkonce.armexidx.*)
 .ARM.exidx     0x08002044        0x8 E:/Toolchains/bin/../lib/gcc/arm-none-eabi/14.3.1/../../../../arm-none-eabi/lib/thumb/v7-m/nofp\libc.a(libc_a-memcpy.o)
                0x0800204c                        _etext = .

.rel.dyn        0x0800204c        0x0
 .rel.iplt      0x0800204c        0x0 build/src/startup_stm32f103xb.o

.data           0x20000000       0x24 load address 0x0800204c
                0x20000000                        _sdata = .
 *(.data*)
 .data.coding.0
                0x20000000        0x7 build/src/main.o
 *fill*         0x20000007        0x1 
 .data.usb_strings
                0x20000008        0xc build/src/main.o
 .data.capture_enabled
                0x20000014        0x1 build/src/main.o
 *fill*         0x20000015        0x3 
 .data.rcc_ahb_frequency
                0x20000018        0x4 ../third_party/libopencm3/lib\libopencm3_stm32f1.a(rcc.o)
                0x20000018                rcc_ahb_frequency
 .data.rcc_apb2_frequency
                0x2000001c        0x4 ../third_party/libopencm3/lib\libopencm3_stm32f1.a(rcc.o)
                0x2000001c                rcc_apb2_frequency
 .data.rcc_apb1_frequency
                0x20000020        0x4 ../third_party/libopencm3/lib\libopencm3_stm32f1.a(rcc.o)
                0x20000020                rcc_apb1_frequency
                0x20000024                        _edata = .

.igot.plt       0x20000024        0x0 load address 0x08002070
 .igot.plt      0x20000024        0x0 build/src/startup_stm32f103xb.o

.bss            0x20000024     0x2250 load address 0x08002070
                0x20000024                        _sbss = .
 *(.bss*)
 .bss.score.1   0x20000024        0x4 build/src/main.o
 .bss.pb0_next_ms
                0x20000028        0x4 build/src/main.o
 .bss.pb0_phase_index
                0x2000002c        0x1 build/src/main.o
 .bss.pb0_phase_count
                0x2000002d        0x1 build/src/main.o
 .bss.pb0_phases
                0x2000002e       0x40 build/src/main.o
 .bss.source_unit_count
                0x2000006e        0x1 build/src/main.o
 .bss.source_units
                0x2000006f       0x30 build/src/main.o
 .bss.usb_configured
                0x2000009f        0x1 build/src/main.o
 .bss.stable_presence_mask
                0x200000a0        0x1 build/src/main.o
 .bss.decoded_presence_mask
                0x200000a1        0x1 build/src/main.o
 *fill*         0x200000a2        0x2 
 .bss.decoded_frame_count
                0x200000a4        0x4 build/src/main.o
 .bss.decoded_status_word
                0x200000a8        0x2 build/src/main.o
 .bss.overflow_latched
                0x200000aa        0x1 build/src/main.o
 *fill*         0x200000ab        0x1 
 .bss.seq       0x200000ac        0x2 build/src/main.o
 *fill*         0x200000ae        0x2 
 .bss.dropped_bytes
                0x200000b0        0x4 build/src/main.o
 .bss.edge_count
                0x200000b4        0xc build/src/main.o
 .bss.system_millis
                0x200000c0        0x4 build/src/main.o
 .bss.last_tick
                0x200000c4        0xc build/src/main.o
 .bss.tx_tail   0x200000d0        0x2 build/src/main.o
 .bss.tx_head   0x200000d2        0x2 build/src/main.o
 .bss.tx_ring   0x200000d4     0x2000 build/src/main.o
 .bss.usb_control_buffer
                0x200020d4       0x80 build/src/main.o
 .bss.usbdev    0x20002154        0x4 build/src/main.o
 .bss.st_usbfs_dev
                0x20002158      0x114 ../third_party/libopencm3/lib\libopencm3_stm32f1.a(st_usbfs_core.o)
                0x20002158                st_usbfs_dev
 .bss.st_usbfs_force_nak
                0x2000226c        0x8 ../third_party/libopencm3/lib\libopencm3_stm32f1.a(st_usbfs_core.o)
                0x2000226c                st_usbfs_force_nak
 *(COMMON)
                0x20002274                        _ebss = .
                0x20002278                        . = ALIGN (0x8)
                0x20005000                        _estack = (ORIGIN (RAM) + LENGTH (RAM))
OUTPUT(build/three_wire_usb_cdc.elf elf32-littlearm)
LOAD linker stubs

.ARM.attributes
                0x00000000       0x29
 .ARM.attributes
                0x00000000       0x1d E:/Toolchains/bin/../lib/gcc/arm-none-eabi/14.3.1/thumb/v7-m/nofp/crti.o
 .ARM.attributes
                0x0000001d       0x21 build/src/startup_stm32f103xb.o
 .ARM.attributes
                0x0000003e       0x2d build/src/main.o
 .ARM.attributes
                0x0000006b       0x2d ../third_party/libopencm3/lib\libopencm3_stm32f1.a(exti_common_all.o)
 .ARM.attributes
                0x00000098       0x2d ../third_party/libopencm3/lib\libopencm3_stm32f1.a(gpio.o)
 .ARM.attributes
                0x000000c5       0x2d ../third_party/libopencm3/lib\libopencm3_stm32f1.a(gpio_common_all.o)
 .ARM.attributes
                0x000000f2       0x2d ../third_party/libopencm3/lib\libopencm3_stm32f1.a(rcc.o)
 .ARM.attributes
                0x0000011f       0x2d ../third_party/libopencm3/lib\libopencm3_stm32f1.a(rcc_common_all.o)
 .ARM.attributes
                0x0000014c       0x2d ../third_party/libopencm3/lib\libopencm3_stm32f1.a(timer_common_all.o)
 .ARM.attributes
                0x00000179       0x2d ../third_party/libopencm3/lib\libopencm3_stm32f1.a(usb.o)
 .ARM.attributes
                0x000001a6       0x2d ../third_party/libopencm3/lib\libopencm3_stm32f1.a(usb_control.o)
 .ARM.attributes
                0x000001d3       0x2d ../third_party/libopencm3/lib\libopencm3_stm32f1.a(usb_standard.o)
 .ARM.attributes
                0x00000200       0x2d ../third_party/libopencm3/lib\libopencm3_stm32f1.a(st_usbfs_v1.o)
 .ARM.attributes
                0x0000022d       0x2d ../third_party/libopencm3/lib\libopencm3_stm32f1.a(systick.o)
 .ARM.attributes
                0x0000025a       0x2d ../third_party/libopencm3/lib\libopencm3_stm32f1.a(nvic.o)
 .ARM.attributes
                0x00000287       0x2d ../third_party/libopencm3/lib\libopencm3_stm32f1.a(flash_common_all.o)
 .ARM.attributes
                0x000002b4       0x2d ../third_party/libopencm3/lib\libopencm3_stm32f1.a(st_usbfs_core.o)
 .ARM.attributes
                0x000002e1       0x2d E:/Toolchains/bin/../lib/gcc/arm-none-eabi/14.3.1/../../../../arm-none-eabi/lib/thumb/v7-m/nofp\libc.a(libc_a-memcmp.o)
 .ARM.attributes
                0x0000030e       0x1b E:/Toolchains/bin/../lib/gcc/arm-none-eabi/14.3.1/../../../../arm-none-eabi/lib/thumb/v7-m/nofp\libc.a(libc_a-memcpy.o)
 .ARM.attributes
                0x00000329       0x2d E:/Toolchains/bin/../lib/gcc/arm-none-eabi/14.3.1/../../../../arm-none-eabi/lib/thumb/v7-m/nofp\libc.a(libc_a-strlen-stub.o)
 .ARM.attributes
                0x00000356       0x1d E:/Toolchains/bin/../lib/gcc/arm-none-eabi/14.3.1/thumb/v7-m/nofp/crtn.o

.comment        0x00000000       0x46
 .comment       0x00000000       0x46 build/src/main.o
                                 0x47 (size before relaxing)
 .comment       0x00000046       0x47 ../third_party/libopencm3/lib\libopencm3_stm32f1.a(exti_common_all.o)
 .comment       0x00000046       0x47 ../third_party/libopencm3/lib\libopencm3_stm32f1.a(gpio.o)
 .comment       0x00000046       0x47 ../third_party/libopencm3/lib\libopencm3_stm32f1.a(gpio_common_all.o)
 .comment       0x00000046       0x47 ../third_party/libopencm3/lib\libopencm3_stm32f1.a(rcc.o)
 .comment       0x00000046       0x47 ../third_party/libopencm3/lib\libopencm3_stm32f1.a(rcc_common_all.o)
 .comment       0x00000046       0x47 ../third_party/libopencm3/lib\libopencm3_stm32f1.a(timer_common_all.o)
 .comment       0x00000046       0x47 ../third_party/libopencm3/lib\libopencm3_stm32f1.a(usb.o)
 .comment       0x00000046       0x47 ../third_party/libopencm3/lib\libopencm3_stm32f1.a(usb_control.o)
 .comment       0x00000046       0x47 ../third_party/libopencm3/lib\libopencm3_stm32f1.a(usb_standard.o)
 .comment       0x00000046       0x47 ../third_party/libopencm3/lib\libopencm3_stm32f1.a(st_usbfs_v1.o)
 .comment       0x00000046       0x47 ../third_party/libopencm3/lib\libopencm3_stm32f1.a(systick.o)
 .comment       0x00000046       0x47 ../third_party/libopencm3/lib\libopencm3_stm32f1.a(nvic.o)
 .comment       0x00000046       0x47 ../third_party/libopencm3/lib\libopencm3_stm32f1.a(flash_common_all.o)
 .comment       0x00000046       0x47 ../third_party/libopencm3/lib\libopencm3_stm32f1.a(st_usbfs_core.o)

.debug_line     0x00000000     0x6b96
 .debug_line    0x00000000       0x74 build/src/startup_stm32f103xb.o
 .debug_line    0x00000074      0xeb2 build/src/main.o
 .debug_line    0x00000f26      0x3f8 ../third_party/libopencm3/lib\libopencm3_stm32f1.a(exti_common_all.o)
 .debug_line    0x0000131e      0x3a0 ../third_party/libopencm3/lib\libopencm3_stm32f1.a(gpio.o)
 .debug_line    0x000016be      0x359 ../third_party/libopencm3/lib\libopencm3_stm32f1.a(gpio_common_all.o)
 .debug_line    0x00001a17      0xd09 ../third_party/libopencm3/lib\libopencm3_stm32f1.a(rcc.o)
 .debug_line    0x00002720      0x400 ../third_party/libopencm3/lib\libopencm3_stm32f1.a(rcc_common_all.o)
 .debug_line    0x00002b20     0x10c5 ../third_party/libopencm3/lib\libopencm3_stm32f1.a(timer_common_all.o)
 .debug_line    0x00003be5      0x51e ../third_party/libopencm3/lib\libopencm3_stm32f1.a(usb.o)
 .debug_line    0x00004103      0x6f3 ../third_party/libopencm3/lib\libopencm3_stm32f1.a(usb_control.o)
 .debug_line    0x000047f6      0xe1e ../third_party/libopencm3/lib\libopencm3_stm32f1.a(usb_standard.o)
 .debug_line    0x00005614      0x3e2 ../third_party/libopencm3/lib\libopencm3_stm32f1.a(st_usbfs_v1.o)
 .debug_line    0x000059f6      0x351 ../third_party/libopencm3/lib\libopencm3_stm32f1.a(systick.o)
 .debug_line    0x00005d47      0x381 ../third_party/libopencm3/lib\libopencm3_stm32f1.a(nvic.o)
 .debug_line    0x000060c8      0x2ff ../third_party/libopencm3/lib\libopencm3_stm32f1.a(flash_common_all.o)
 .debug_line    0x000063c7      0x7cf ../third_party/libopencm3/lib\libopencm3_stm32f1.a(st_usbfs_core.o)

.debug_line_str
                0x00000000      0x142
 .debug_line_str
                0x00000000      0x142 build/src/startup_stm32f103xb.o
                                 0x63 (size before relaxing)
 .debug_line_str
                0x00000142       0xdf E:/Toolchains/bin/../lib/gcc/arm-none-eabi/14.3.1/../../../../arm-none-eabi/lib/thumb/v7-m/nofp\libc.a(libc_a-memcpy.o)

.debug_info     0x00000000     0xb7d7
 .debug_info    0x00000000       0x23 build/src/startup_stm32f103xb.o
 .debug_info    0x00000023     0x20e1 build/src/main.o
 .debug_info    0x00002104      0x23e ../third_party/libopencm3/lib\libopencm3_stm32f1.a(exti_common_all.o)
 .debug_info    0x00002342      0x1fd ../third_party/libopencm3/lib\libopencm3_stm32f1.a(gpio.o)
 .debug_info    0x0000253f      0x256 ../third_party/libopencm3/lib\libopencm3_stm32f1.a(gpio_common_all.o)
 .debug_info    0x00002795     0x14d0 ../third_party/libopencm3/lib\libopencm3_stm32f1.a(rcc.o)
 .debug_info    0x00003c65      0x60d ../third_party/libopencm3/lib\libopencm3_stm32f1.a(rcc_common_all.o)
 .debug_info    0x00004272     0x1104 ../third_party/libopencm3/lib\libopencm3_stm32f1.a(timer_common_all.o)
 .debug_info    0x00005376     0x1172 ../third_party/libopencm3/lib\libopencm3_stm32f1.a(usb.o)
 .debug_info    0x000064e8     0x1173 ../third_party/libopencm3/lib\libopencm3_stm32f1.a(usb_control.o)
 .debug_info    0x0000765b     0x1b1c ../third_party/libopencm3/lib\libopencm3_stm32f1.a(usb_standard.o)
 .debug_info    0x00009177      0xf86 ../third_party/libopencm3/lib\libopencm3_stm32f1.a(st_usbfs_v1.o)
 .debug_info    0x0000a0fd      0x28f ../third_party/libopencm3/lib\libopencm3_stm32f1.a(systick.o)
 .debug_info    0x0000a38c      0x239 ../third_party/libopencm3/lib\libopencm3_stm32f1.a(nvic.o)
 .debug_info    0x0000a5c5       0xf6 ../third_party/libopencm3/lib\libopencm3_stm32f1.a(flash_common_all.o)
 .debug_info    0x0000a6bb     0x111c ../third_party/libopencm3/lib\libopencm3_stm32f1.a(st_usbfs_core.o)

.debug_abbrev   0x00000000     0x2225
 .debug_abbrev  0x00000000       0x12 build/src/startup_stm32f103xb.o
 .debug_abbrev  0x00000012      0x539 build/src/main.o
 .debug_abbrev  0x0000054b      0x10a ../third_party/libopencm3/lib\libopencm3_stm32f1.a(exti_common_all.o)
 .debug_abbrev  0x00000655       0xd3 ../third_party/libopencm3/lib\libopencm3_stm32f1.a(gpio.o)
 .debug_abbrev  0x00000728      0x115 ../third_party/libopencm3/lib\libopencm3_stm32f1.a(gpio_common_all.o)
 .debug_abbrev  0x0000083d      0x2be ../third_party/libopencm3/lib\libopencm3_stm32f1.a(rcc.o)
 .debug_abbrev  0x00000afb      0x185 ../third_party/libopencm3/lib\libopencm3_stm32f1.a(rcc_common_all.o)
 .debug_abbrev  0x00000c80      0x1b7 ../third_party/libopencm3/lib\libopencm3_stm32f1.a(timer_common_all.o)
 .debug_abbrev  0x00000e37      0x2ac ../third_party/libopencm3/lib\libopencm3_stm32f1.a(usb.o)
 .debug_abbrev  0x000010e3      0x3ea ../third_party/libopencm3/lib\libopencm3_stm32f1.a(usb_control.o)
 .debug_abbrev  0x000014cd      0x4f9 ../third_party/libopencm3/lib\libopencm3_stm32f1.a(usb_standard.o)
 .debug_abbrev  0x000019c6      0x2a1 ../third_party/libopencm3/lib\libopencm3_stm32f1.a(st_usbfs_v1.o)
 .debug_abbrev  0x00001c67      0x14e ../third_party/libopencm3/lib\libopencm3_stm32f1.a(systick.o)
 .debug_abbrev  0x00001db5       0xb6 ../third_party/libopencm3/lib\libopencm3_stm32f1.a(nvic.o)
 .debug_abbrev  0x00001e6b       0x9d ../third_party/libopencm3/lib\libopencm3_stm32f1.a(flash_common_all.o)
 .debug_abbrev  0x00001f08      0x31d ../third_party/libopencm3/lib\libopencm3_stm32f1.a(st_usbfs_core.o)

.debug_aranges  0x00000000      0x940
 .debug_aranges
                0x00000000       0x28 build/src/startup_stm32f103xb.o
 .debug_aranges
                0x00000028       0x88 build/src/main.o
 .debug_aranges
                0x000000b0       0x48 ../third_party/libopencm3/lib\libopencm3_stm32f1.a(exti_common_all.o)
 .debug_aranges
                0x000000f8       0x38 ../third_party/libopencm3/lib\libopencm3_stm32f1.a(gpio.o)
 .debug_aranges
                0x00000130       0x50 ../third_party/libopencm3/lib\libopencm3_stm32f1.a(gpio_common_all.o)
 .debug_aranges
                0x00000180      0x170 ../third_party/libopencm3/lib\libopencm3_stm32f1.a(rcc.o)
 .debug_aranges
                0x000002f0       0x80 ../third_party/libopencm3/lib\libopencm3_stm32f1.a(rcc_common_all.o)
 .debug_aranges
                0x00000370      0x298 ../third_party/libopencm3/lib\libopencm3_stm32f1.a(timer_common_all.o)
 .debug_aranges
                0x00000608       0x98 ../third_party/libopencm3/lib\libopencm3_stm32f1.a(usb.o)
 .debug_aranges
                0x000006a0       0x58 ../third_party/libopencm3/lib\libopencm3_stm32f1.a(usb_control.o)
 .debug_aranges
                0x000006f8       0xa0 ../third_party/libopencm3/lib\libopencm3_stm32f1.a(usb_standard.o)
 .debug_aranges
                0x00000798       0x30 ../third_party/libopencm3/lib\libopencm3_stm32f1.a(st_usbfs_v1.o)
 .debug_aranges
                0x000007c8       0x78 ../third_party/libopencm3/lib\libopencm3_stm32f1.a(systick.o)
 .debug_aranges
                0x00000840       0x60 ../third_party/libopencm3/lib\libopencm3_stm32f1.a(nvic.o)
 .debug_aranges
                0x000008a0       0x38 ../third_party/libopencm3/lib\libopencm3_stm32f1.a(flash_common_all.o)
 .debug_aranges
                0x000008d8       0x68 ../third_party/libopencm3/lib\libopencm3_stm32f1.a(st_usbfs_core.o)

.debug_str      0x00000000    0x1a05c
 .debug_str     0x00000000    0x1a05c build/src/startup_stm32f103xb.o
                                 0x71 (size before relaxing)
 .debug_str     0x0001a05c    0x14678 build/src/main.o
 .debug_str     0x0001a05c     0x8f1e ../third_party/libopencm3/lib\libopencm3_stm32f1.a(exti_common_all.o)
 .debug_str     0x0001a05c     0x8765 ../third_party/libopencm3/lib\libopencm3_stm32f1.a(gpio.o)
 .debug_str     0x0001a05c     0x8759 ../third_party/libopencm3/lib\libopencm3_stm32f1.a(gpio_common_all.o)
 .debug_str     0x0001a05c     0x83ba ../third_party/libopencm3/lib\libopencm3_stm32f1.a(rcc.o)
 .debug_str     0x0001a05c     0x7ac8 ../third_party/libopencm3/lib\libopencm3_stm32f1.a(rcc_common_all.o)
 .debug_str     0x0001a05c     0xc104 ../third_party/libopencm3/lib\libopencm3_stm32f1.a(timer_common_all.o)
 .debug_str     0x0001a05c     0x8512 ../third_party/libopencm3/lib\libopencm3_stm32f1.a(usb.o)
 .debug_str     0x0001a05c     0x84d7 ../third_party/libopencm3/lib\libopencm3_stm32f1.a(usb_control.o)
 .debug_str     0x0001a05c     0x8c5d ../third_party/libopencm3/lib\libopencm3_stm32f1.a(usb_standard.o)
 .debug_str     0x0001a05c     0xa49b ../third_party/libopencm3/lib\libopencm3_stm32f1.a(st_usbfs_v1.o)
 .debug_str     0x0001a05c     0x468f ../third_party/libopencm3/lib\libopencm3_stm32f1.a(systick.o)
 .debug_str     0x0001a05c     0x5de0 ../third_party/libopencm3/lib\libopencm3_stm32f1.a(nvic.o)
 .debug_str     0x0001a05c     0x569e ../third_party/libopencm3/lib\libopencm3_stm32f1.a(flash_common_all.o)
 .debug_str     0x0001a05c     0xa2cc ../third_party/libopencm3/lib\libopencm3_stm32f1.a(st_usbfs_core.o)

.debug_rnglists
                0x00000000      0x9af
 .debug_rnglists
                0x00000000       0x19 build/src/startup_stm32f103xb.o
 .debug_rnglists
                0x00000019      0x16c build/src/main.o
 .debug_rnglists
                0x00000185       0x4f ../third_party/libopencm3/lib\libopencm3_stm32f1.a(exti_common_all.o)
 .debug_rnglists
                0x000001d4       0x25 ../third_party/libopencm3/lib\libopencm3_stm32f1.a(gpio.o)
 .debug_rnglists
                0x000001f9       0x37 ../third_party/libopencm3/lib\libopencm3_stm32f1.a(gpio_common_all.o)
 .debug_rnglists
                0x00000230      0x160 ../third_party/libopencm3/lib\libopencm3_stm32f1.a(rcc.o)
 .debug_rnglists
                0x00000390       0x5b ../third_party/libopencm3/lib\libopencm3_stm32f1.a(rcc_common_all.o)
 .debug_rnglists
                0x000003eb      0x1ed ../third_party/libopencm3/lib\libopencm3_stm32f1.a(timer_common_all.o)
 .debug_rnglists
                0x000005d8       0x7c ../third_party/libopencm3/lib\libopencm3_stm32f1.a(usb.o)
 .debug_rnglists
                0x00000654       0x97 ../third_party/libopencm3/lib\libopencm3_stm32f1.a(usb_control.o)
 .debug_rnglists
                0x000006eb      0x121 ../third_party/libopencm3/lib\libopencm3_stm32f1.a(usb_standard.o)
 .debug_rnglists
                0x0000080c       0x3d ../third_party/libopencm3/lib\libopencm3_stm32f1.a(st_usbfs_v1.o)
 .debug_rnglists
                0x00000849       0x61 ../third_party/libopencm3/lib\libopencm3_stm32f1.a(systick.o)
 .debug_rnglists
                0x000008aa       0x43 ../third_party/libopencm3/lib\libopencm3_stm32f1.a(nvic.o)
 .debug_rnglists
                0x000008ed       0x25 ../third_party/libopencm3/lib\libopencm3_stm32f1.a(flash_common_all.o)
 .debug_rnglists
                0x00000912       0x9d ../third_party/libopencm3/lib\libopencm3_stm32f1.a(st_usbfs_core.o)

.debug_loclists
                0x00000000     0x32f4
 .debug_loclists
                0x00000000      0x540 build/src/main.o
 .debug_loclists
                0x00000540       0xa0 ../third_party/libopencm3/lib\libopencm3_stm32f1.a(exti_common_all.o)
 .debug_loclists
                0x000005e0      0x100 ../third_party/libopencm3/lib\libopencm3_stm32f1.a(gpio.o)
 .debug_loclists
                0x000006e0       0x96 ../third_party/libopencm3/lib\libopencm3_stm32f1.a(gpio_common_all.o)
 .debug_loclists
                0x00000776      0x2cb ../third_party/libopencm3/lib\libopencm3_stm32f1.a(rcc.o)
 .debug_loclists
                0x00000a41       0x87 ../third_party/libopencm3/lib\libopencm3_stm32f1.a(rcc_common_all.o)
 .debug_loclists
                0x00000ac8      0x20d ../third_party/libopencm3/lib\libopencm3_stm32f1.a(timer_common_all.o)
 .debug_loclists
                0x00000cd5      0x41a ../third_party/libopencm3/lib\libopencm3_stm32f1.a(usb.o)
 .debug_loclists
                0x000010ef      0x54e ../third_party/libopencm3/lib\libopencm3_stm32f1.a(usb_control.o)
 .debug_loclists
                0x0000163d     0x124e ../third_party/libopencm3/lib\libopencm3_stm32f1.a(usb_standard.o)
 .debug_loclists
                0x0000288b      0x12e ../third_party/libopencm3/lib\libopencm3_stm32f1.a(st_usbfs_v1.o)
 .debug_loclists
                0x000029b9      0x192 ../third_party/libopencm3/lib\libopencm3_stm32f1.a(systick.o)
 .debug_loclists
                0x00002b4b      0x111 ../third_party/libopencm3/lib\libopencm3_stm32f1.a(nvic.o)
 .debug_loclists
                0x00002c5c       0x25 ../third_party/libopencm3/lib\libopencm3_stm32f1.a(flash_common_all.o)
 .debug_loclists
                0x00002c81      0x673 ../third_party/libopencm3/lib\libopencm3_stm32f1.a(st_usbfs_core.o)

.debug_macro    0x00000000     0x7965
 .debug_macro   0x00000000      0x29c build/src/main.o
 .debug_macro   0x0000029c      0xac6 build/src/main.o
 .debug_macro   0x00000d62       0x22 build/src/main.o
 .debug_macro   0x00000d84       0x8e build/src/main.o
 .debug_macro   0x00000e12       0x51 build/src/main.o
 .debug_macro   0x00000e63      0x103 build/src/main.o
 .debug_macro   0x00000f66       0x6a build/src/main.o
 .debug_macro   0x00000fd0      0x1df build/src/main.o
 .debug_macro   0x000011af       0x22 build/src/main.o
 .debug_macro   0x000011d1       0x7b build/src/main.o
 .debug_macro   0x0000124c       0x24 build/src/main.o
 .debug_macro   0x00001270       0x3c build/src/main.o
 .debug_macro   0x000012ac       0x34 build/src/main.o
 .debug_macro   0x000012e0      0x190 build/src/main.o
 .debug_macro   0x00001470      0x364 build/src/main.o
 .debug_macro   0x000017d4       0x16 build/src/main.o
 .debug_macro   0x000017ea       0x4a build/src/main.o
 .debug_macro   0x00001834       0x34 build/src/main.o
 .debug_macro   0x00001868       0x10 build/src/main.o
 .debug_macro   0x00001878       0x58 build/src/main.o
 .debug_macro   0x000018d0      0x1e5 build/src/main.o
 .debug_macro   0x00001ab5       0x10 build/src/main.o
 .debug_macro   0x00001ac5       0x3c build/src/main.o
 .debug_macro   0x00001b01      0x100 build/src/main.o
 .debug_macro   0x00001c01       0x76 build/src/main.o
 .debug_macro   0x00001c77       0x68 build/src/main.o
 .debug_macro   0x00001cdf      0x1a2 build/src/main.o
 .debug_macro   0x00001e81       0x6f build/src/main.o
 .debug_macro   0x00001ef0      0x1ba build/src/main.o
 .debug_macro   0x000020aa      0x8c6 build/src/main.o
 .debug_macro   0x00002970       0x76 build/src/main.o
 .debug_macro   0x000029e6      0xe2e build/src/main.o
 .debug_macro   0x00003814       0xee build/src/main.o
 .debug_macro   0x00003902       0x28 build/src/main.o
 .debug_macro   0x0000392a      0xf91 build/src/main.o
 .debug_macro   0x000048bb      0x1a2 build/src/main.o
 .debug_macro   0x00004a5d       0x16 build/src/main.o
 .debug_macro   0x00004a73       0x6b build/src/main.o
 .debug_macro   0x00004ade       0xed ../third_party/libopencm3/lib\libopencm3_stm32f1.a(exti_common_all.o)
 .debug_macro   0x00004bcb      0xac0 ../third_party/libopencm3/lib\libopencm3_stm32f1.a(exti_common_all.o)
 .debug_macro   0x0000568b      0x189 ../third_party/libopencm3/lib\libopencm3_stm32f1.a(exti_common_all.o)
 .debug_macro   0x00005814       0x1c ../third_party/libopencm3/lib\libopencm3_stm32f1.a(exti_common_all.o)
 .debug_macro   0x00005830       0x56 ../third_party/libopencm3/lib\libopencm3_stm32f1.a(exti_common_all.o)
 .debug_macro   0x00005886       0xe8 ../third_party/libopencm3/lib\libopencm3_stm32f1.a(exti_common_all.o)
 .debug_macro   0x0000596e      0x1b4 ../third_party/libopencm3/lib\libopencm3_stm32f1.a(exti_common_all.o)
 .debug_macro   0x00005b22       0xb8 ../third_party/libopencm3/lib\libopencm3_stm32f1.a(gpio.o)
 .debug_macro   0x00005bda       0xb8 ../third_party/libopencm3/lib\libopencm3_stm32f1.a(gpio_common_all.o)
 .debug_macro   0x00005c92       0xe7 ../third_party/libopencm3/lib\libopencm3_stm32f1.a(rcc.o)
 .debug_macro   0x00005d79       0x16 ../third_party/libopencm3/lib\libopencm3_stm32f1.a(rcc.o)
 .debug_macro   0x00005d8f       0xee ../third_party/libopencm3/lib\libopencm3_stm32f1.a(rcc.o)
 .debug_macro   0x00005e7d       0x82 ../third_party/libopencm3/lib\libopencm3_stm32f1.a(rcc.o)
 .debug_macro   0x00005eff       0xce ../third_party/libopencm3/lib\libopencm3_stm32f1.a(rcc_common_all.o)
 .debug_macro   0x00005fcd       0xc5 ../third_party/libopencm3/lib\libopencm3_stm32f1.a(timer_common_all.o)
 .debug_macro   0x00006092      0x159 ../third_party/libopencm3/lib\libopencm3_stm32f1.a(usb.o)
 .debug_macro   0x000061eb       0x75 ../third_party/libopencm3/lib\libopencm3_stm32f1.a(usb.o)
 .debug_macro   0x00006260       0x5c ../third_party/libopencm3/lib\libopencm3_stm32f1.a(usb.o)
 .debug_macro   0x000062bc       0x57 ../third_party/libopencm3/lib\libopencm3_stm32f1.a(usb.o)
 .debug_macro   0x00006313      0x372 ../third_party/libopencm3/lib\libopencm3_stm32f1.a(usb.o)
 .debug_macro   0x00006685      0x19c ../third_party/libopencm3/lib\libopencm3_stm32f1.a(usb.o)
 .debug_macro   0x00006821       0x9b ../third_party/libopencm3/lib\libopencm3_stm32f1.a(usb.o)
 .debug_macro   0x000068bc       0x22 ../third_party/libopencm3/lib\libopencm3_stm32f1.a(usb.o)
 .debug_macro   0x000068de      0x167 ../third_party/libopencm3/lib\libopencm3_stm32f1.a(usb_control.o)
 .debug_macro   0x00006a45       0x16 ../third_party/libopencm3/lib\libopencm3_stm32f1.a(usb_control.o)
 .debug_macro   0x00006a5b      0x11c ../third_party/libopencm3/lib\libopencm3_stm32f1.a(usb_control.o)
 .debug_macro   0x00006b77       0x94 ../third_party/libopencm3/lib\libopencm3_stm32f1.a(usb_control.o)
 .debug_macro   0x00006c0b       0x22 ../third_party/libopencm3/lib\libopencm3_stm32f1.a(usb_control.o)
 .debug_macro   0x00006c2d      0x162 ../third_party/libopencm3/lib\libopencm3_stm32f1.a(usb_standard.o)
 .debug_macro   0x00006d8f       0x65 ../third_party/libopencm3/lib\libopencm3_stm32f1.a(usb_standard.o)
 .debug_macro   0x00006df4      0x125 ../third_party/libopencm3/lib\libopencm3_stm32f1.a(st_usbfs_v1.o)
 .debug_macro   0x00006f19       0x3a ../third_party/libopencm3/lib\libopencm3_stm32f1.a(st_usbfs_v1.o)
 .debug_macro   0x00006f53      0x29e ../third_party/libopencm3/lib\libopencm3_stm32f1.a(st_usbfs_v1.o)
 .debug_macro   0x000071f1       0x28 ../third_party/libopencm3/lib\libopencm3_stm32f1.a(st_usbfs_v1.o)
 .debug_macro   0x00007219       0x10 ../third_party/libopencm3/lib\libopencm3_stm32f1.a(st_usbfs_v1.o)
 .debug_macro   0x00007229       0x92 ../third_party/libopencm3/lib\libopencm3_stm32f1.a(systick.o)
 .debug_macro   0x000072bb       0x69 ../third_party/libopencm3/lib\libopencm3_stm32f1.a(systick.o)
 .debug_macro   0x00007324       0xb3 ../third_party/libopencm3/lib\libopencm3_stm32f1.a(nvic.o)
 .debug_macro   0x000073d7      0x3a9 ../third_party/libopencm3/lib\libopencm3_stm32f1.a(nvic.o)
 .debug_macro   0x00007780       0xc0 ../third_party/libopencm3/lib\libopencm3_stm32f1.a(flash_common_all.o)
 .debug_macro   0x00007840      0x125 ../third_party/libopencm3/lib\libopencm3_stm32f1.a(st_usbfs_core.o)

.debug_frame    0x00000000     0x1454
 .debug_frame   0x00000000      0x1a4 build/src/main.o
 .debug_frame   0x000001a4       0x88 ../third_party/libopencm3/lib\libopencm3_stm32f1.a(exti_common_all.o)
 .debug_frame   0x0000022c       0x64 ../third_party/libopencm3/lib\libopencm3_stm32f1.a(gpio.o)
 .debug_frame   0x00000290       0x80 ../third_party/libopencm3/lib\libopencm3_stm32f1.a(gpio_common_all.o)
 .debug_frame   0x00000310      0x318 ../third_party/libopencm3/lib\libopencm3_stm32f1.a(rcc.o)
 .debug_frame   0x00000628       0xe0 ../third_party/libopencm3/lib\libopencm3_stm32f1.a(rcc_common_all.o)
 .debug_frame   0x00000708      0x518 ../third_party/libopencm3/lib\libopencm3_stm32f1.a(timer_common_all.o)
 .debug_frame   0x00000c20      0x15c ../third_party/libopencm3/lib\libopencm3_stm32f1.a(usb.o)
 .debug_frame   0x00000d7c      0x13c ../third_party/libopencm3/lib\libopencm3_stm32f1.a(usb_control.o)
 .debug_frame   0x00000eb8      0x1e8 ../third_party/libopencm3/lib\libopencm3_stm32f1.a(usb_standard.o)
 .debug_frame   0x000010a0       0x54 ../third_party/libopencm3/lib\libopencm3_stm32f1.a(st_usbfs_v1.o)
 .debug_frame   0x000010f4       0xd8 ../third_party/libopencm3/lib\libopencm3_stm32f1.a(systick.o)
 .debug_frame   0x000011cc       0xa0 ../third_party/libopencm3/lib\libopencm3_stm32f1.a(nvic.o)
 .debug_frame   0x0000126c       0x50 ../third_party/libopencm3/lib\libopencm3_stm32f1.a(flash_common_all.o)
 .debug_frame   0x000012bc      0x118 ../third_party/libopencm3/lib\libopencm3_stm32f1.a(st_usbfs_core.o)
 .debug_frame   0x000013d4       0x38 E:/Toolchains/bin/../lib/gcc/arm-none-eabi/14.3.1/../../../../arm-none-eabi/lib/thumb/v7-m/nofp\libc.a(libc_a-memcmp.o)
 .debug_frame   0x0000140c       0x28 E:/Toolchains/bin/../lib/gcc/arm-none-eabi/14.3.1/../../../../arm-none-eabi/lib/thumb/v7-m/nofp\libc.a(libc_a-memcpy.o)
 .debug_frame   0x00001434       0x20 E:/Toolchains/bin/../lib/gcc/arm-none-eabi/14.3.1/../../../../arm-none-eabi/lib/thumb/v7-m/nofp\libc.a(libc_a-strlen-stub.o)
