Archive member included to satisfy reference by file (symbol)

../third_party/libopencm3/lib\libopencm3_stm32f1.a(exti_common_all.o)
                              build/src/main.o (exti_set_trigger)
../third_party/libopencm3/lib\libopencm3_stm32f1.a(gpio.o)
                              build/src/main.o (gpio_set_mode)
../third_party/libopencm3/lib\libopencm3_stm32f1.a(gpio_common_all.o)
                              build/src/main.o (gpio_set)
../third_party/libopencm3/lib\libopencm3_stm32f1.a(rcc.o)
                              build/src/main.o (rcc_set_usbpre)
../third_party/libopencm3/lib\libopencm3_stm32f1.a(rcc_common_all.o)
                              build/src/main.o (rcc_periph_clock_enable)
../third_party/libopencm3/lib\libopencm3_stm32f1.a(timer_common_all.o)
                              build/src/main.o (timer_enable_counter)
../third_party/libopencm3/lib\libopencm3_stm32f1.a(usb.o)
                              build/src/main.o (usbd_init)
../third_party/libopencm3/lib\libopencm3_stm32f1.a(usb_control.o)
                              build/src/main.o (usbd_register_control_callback)
../third_party/libopencm3/lib\libopencm3_stm32f1.a(usb_standard.o)
                              build/src/main.o (usbd_register_set_config_callback)
../third_party/libopencm3/lib\libopencm3_stm32f1.a(st_usbfs_v1.o)
                              build/src/main.o (st_usbfs_v1_usb_driver)
../third_party/libopencm3/lib\libopencm3_stm32f1.a(systick.o)
                              build/src/main.o (systick_set_reload)
../third_party/libopencm3/lib\libopencm3_stm32f1.a(nvic.o)
                              build/src/main.o (nvic_enable_irq)
../third_party/libopencm3/lib\libopencm3_stm32f1.a(assert.o)
                              ../third_party/libopencm3/lib\libopencm3_stm32f1.a(rcc.o) (cm3_assert_failed)
../third_party/libopencm3/lib\libopencm3_stm32f1.a(flash_common_all.o)
                              ../third_party/libopencm3/lib\libopencm3_stm32f1.a(rcc.o) (flash_set_ws)
../third_party/libopencm3/lib\libopencm3_stm32f1.a(st_usbfs_core.o)
                              ../third_party/libopencm3/lib\libopencm3_stm32f1.a(st_usbfs_v1.o) (st_usbfs_set_address)
C:/ST/STM32CubeCLT_1.19.0/GNU-tools-for-STM32/bin/../lib/gcc/arm-none-eabi/13.3.1/../../../../arm-none-eabi/lib/thumb/v7-m/nofp\libc.a(libc_a-exit.o)
                              C:/ST/STM32CubeCLT_1.19.0/GNU-tools-for-STM32/bin/../lib/gcc/arm-none-eabi/13.3.1/../../../../arm-none-eabi/lib/thumb/v7-m/nofp/crt0.o (exit)
C:/ST/STM32CubeCLT_1.19.0/GNU-tools-for-STM32/bin/../lib/gcc/arm-none-eabi/13.3.1/../../../../arm-none-eabi/lib/thumb/v7-m/nofp\libc.a(libc_a-findfp.o)
                              C:/ST/STM32CubeCLT_1.19.0/GNU-tools-for-STM32/bin/../lib/gcc/arm-none-eabi/13.3.1/../../../../arm-none-eabi/lib/thumb/v7-m/nofp\libc.a(libc_a-exit.o) (__stdio_exit_handler)
C:/ST/STM32CubeCLT_1.19.0/GNU-tools-for-STM32/bin/../lib/gcc/arm-none-eabi/13.3.1/../../../../arm-none-eabi/lib/thumb/v7-m/nofp\libc.a(libc_a-fwalk.o)
                              C:/ST/STM32CubeCLT_1.19.0/GNU-tools-for-STM32/bin/../lib/gcc/arm-none-eabi/13.3.1/../../../../arm-none-eabi/lib/thumb/v7-m/nofp\libc.a(libc_a-findfp.o) (_fwalk_sglue)
C:/ST/STM32CubeCLT_1.19.0/GNU-tools-for-STM32/bin/../lib/gcc/arm-none-eabi/13.3.1/../../../../arm-none-eabi/lib/thumb/v7-m/nofp\libc.a(libc_a-stdio.o)
                              C:/ST/STM32CubeCLT_1.19.0/GNU-tools-for-STM32/bin/../lib/gcc/arm-none-eabi/13.3.1/../../../../arm-none-eabi/lib/thumb/v7-m/nofp\libc.a(libc_a-findfp.o) (__sread)
C:/ST/STM32CubeCLT_1.19.0/GNU-tools-for-STM32/bin/../lib/gcc/arm-none-eabi/13.3.1/../../../../arm-none-eabi/lib/thumb/v7-m/nofp\libc.a(libc_a-memcmp.o)
                              ../third_party/libopencm3/lib\libopencm3_stm32f1.a(usb_standard.o) (memcmp)
C:/ST/STM32CubeCLT_1.19.0/GNU-tools-for-STM32/bin/../lib/gcc/arm-none-eabi/13.3.1/../../../../arm-none-eabi/lib/thumb/v7-m/nofp\libc.a(libc_a-memset.o)
                              C:/ST/STM32CubeCLT_1.19.0/GNU-tools-for-STM32/bin/../lib/gcc/arm-none-eabi/13.3.1/../../../../arm-none-eabi/lib/thumb/v7-m/nofp/crt0.o (memset)
C:/ST/STM32CubeCLT_1.19.0/GNU-tools-for-STM32/bin/../lib/gcc/arm-none-eabi/13.3.1/../../../../arm-none-eabi/lib/thumb/v7-m/nofp\libc.a(libc_a-closer.o)
                              C:/ST/STM32CubeCLT_1.19.0/GNU-tools-for-STM32/bin/../lib/gcc/arm-none-eabi/13.3.1/../../../../arm-none-eabi/lib/thumb/v7-m/nofp\libc.a(libc_a-stdio.o) (_close_r)
C:/ST/STM32CubeCLT_1.19.0/GNU-tools-for-STM32/bin/../lib/gcc/arm-none-eabi/13.3.1/../../../../arm-none-eabi/lib/thumb/v7-m/nofp\libc.a(libc_a-reent.o)
                              C:/ST/STM32CubeCLT_1.19.0/GNU-tools-for-STM32/bin/../lib/gcc/arm-none-eabi/13.3.1/../../../../arm-none-eabi/lib/thumb/v7-m/nofp\libc.a(libc_a-closer.o) (errno)
C:/ST/STM32CubeCLT_1.19.0/GNU-tools-for-STM32/bin/../lib/gcc/arm-none-eabi/13.3.1/../../../../arm-none-eabi/lib/thumb/v7-m/nofp\libc.a(libc_a-impure.o)
[...]
Memory Configuration

Name             Origin             Length             Attributes
FLASH            0x08000000         0x00010000         xr
RAM              0x20000000         0x00005000         xrw
*default*        0x00000000         0xffffffff

Linker script and memory map

LOAD C:/ST/STM32CubeCLT_1.19.0/GNU-tools-for-STM32/bin/../lib/gcc/arm-none-eabi/13.3.1/thumb/v7-m/nofp/crti.o
LOAD C:/ST/STM32CubeCLT_1.19.0/GNU-tools-for-STM32/bin/../lib/gcc/arm-none-eabi/13.3.1/thumb/v7-m/nofp/crtbegin.o
LOAD C:/ST/STM32CubeCLT_1.19.0/GNU-tools-for-STM32/bin/../lib/gcc/arm-none-eabi/13.3.1/../../../../arm-none-eabi/lib/thumb/v7-m/nofp/crt0.o
LOAD build/src/startup_stm32f103xb.o
LOAD build/src/main.o
LOAD ../third_party/libopencm3/lib\libopencm3_stm32f1.a
START GROUP
LOAD C:/ST/STM32CubeCLT_1.19.0/GNU-tools-for-STM32/bin/../lib/gcc/arm-none-eabi/13.3.1/thumb/v7-m/nofp\libgcc.a
LOAD C:/ST/STM32CubeCLT_1.19.0/GNU-tools-for-STM32/bin/../lib/gcc/arm-none-eabi/13.3.1/../../../../arm-none-eabi/lib/thumb/v7-m/nofp\libc.a
END GROUP
LOAD C:/ST/STM32CubeCLT_1.19.0/GNU-tools-for-STM32/bin/../lib/gcc/arm-none-eabi/13.3.1/thumb/v7-m/nofp/crtend.o
LOAD C:/ST/STM32CubeCLT_1.19.0/GNU-tools-for-STM32/bin/../lib/gcc/arm-none-eabi/13.3.1/thumb/v7-m/nofp/crtn.o

.isr_vector     0x08000000       0x64
 *(.isr_vector)
 .isr_vector    0x08000000       0x64 build/src/startup_stm32f103xb.o
                0x08000000                g_pfnVectors

.text           0x08000064     0x1e84
 *(.text*)
 .text.Reset_Handler
                0x08000064       0x44 build/src/startup_stm32f103xb.o
                0x08000064                Reset_Handler
 .text.Default_Handler
                0x080000a8        0x2 build/src/startup_stm32f103xb.o
 *fill*         0x080000aa        0x2 
 .text.ring_free
                0x080000ac       0x1c build/src/main.o
 .text.pb0_build_frame
                0x080000c8       0x64 build/src/main.o
 .text.cdcacm_control_request
                0x0800012c       0x30 build/src/main.o
 .text.cdcacm_set_config
                0x0800015c       0x54 build/src/main.o
 .text.cdcacm_data_rx_cb
                0x080001b0       0x1a build/src/main.o
 *fill*         0x080001ca        0x2 
 .text.pb0_set  0x080001cc       0x14 build/src/main.o
 .text.ring_push_byte.isra.0
                0x080001e0       0x48 build/src/main.o
 .text.ring_push_frame
                0x08000228       0x40 build/src/main.o
 .text.capture_edge
                0x08000268      0x224 build/src/main.o
 .text.SysTick_Handler
                0x0800048c       0x10 build/src/main.o
                0x0800048c                SysTick_Handler
 .text.EXTI0_IRQHandler
                0x0800049c       0x1c build/src/main.o
                0x0800049c                EXTI0_IRQHandler
 .text.EXTI1_IRQHandler
                0x080004b8       0x1c build/src/main.o
                0x080004b8                EXTI1_IRQHandler
 .text.EXTI2_IRQHandler
                0x080004d4       0x1c build/src/main.o
                0x080004d4                EXTI2_IRQHandler
 .text.startup.main
                0x080004f0      0x454 build/src/main.o
                0x080004f0                main
 .text.exti_set_trigger
                0x08000944       0x48 ../third_party/libopencm3/lib\libopencm3_stm32f1.a(exti_common_all.o)
                0x08000944                exti_set_trigger
 .text.exti_enable_request
                0x0800098c       0x1c ../third_party/libopencm3/lib\libopencm3_stm32f1.a(exti_common_all.o)
                0x0800098c                exti_enable_request
 .text.exti_disable_request
                0x080009a8       0x20 ../third_party/libopencm3/lib\libopencm3_stm32f1.a(exti_common_all.o)
                0x080009a8                exti_disable_request
 .text.exti_reset_request
                0x080009c8        0xc ../third_party/libopencm3/lib\libopencm3_stm32f1.a(exti_common_all.o)
                0x080009c8                exti_reset_request
 .text.exti_get_flag_status
                0x080009d4       0x10 ../third_party/libopencm3/lib\libopencm3_stm32f1.a(exti_common_all.o)
                0x080009d4                exti_get_flag_status
 .text.exti_select_source
                0x080009e4       0xa0 ../third_party/libopencm3/lib\libopencm3_stm32f1.a(exti_common_all.o)
                0x080009e4                exti_select_source
 .text.gpio_set_mode
                0x08000a84       0x6a ../third_party/libopencm3/lib\libopencm3_stm32f1.a(gpio.o)
                0x08000a84                gpio_set_mode
 .text.gpio_set
                0x08000aee        0x4 ../third_party/libopencm3/lib\libopencm3_stm32f1.a(gpio_common_all.o)
                0x08000aee                gpio_set
 .text.gpio_clear
                0x08000af2        0x6 ../third_party/libopencm3/lib\libopencm3_stm32f1.a(gpio_common_all.o)
                0x08000af2                gpio_clear
 .text.gpio_get
                0x08000af8        0x6 ../third_party/libopencm3/lib\libopencm3_stm32f1.a(gpio_common_all.o)
                0x08000af8                gpio_get
 *fill*         0x08000afe        0x2 
 .text.rcc_is_osc_ready
                0x08000b00       0x58 ../third_party/libopencm3/lib\libopencm3_stm32f1.a(rcc.o)
                0x08000b00                rcc_is_osc_ready
 .text.rcc_wait_for_osc_ready
                0x08000b58       0x10 ../third_party/libopencm3/lib\libopencm3_stm32f1.a(rcc.o)
                0x08000b58                rcc_wait_for_osc_ready
 .text.rcc_osc_on
                0x08000b68       0x60 ../third_party/libopencm3/lib\libopencm3_stm32f1.a(rcc.o)
                0x08000b68                rcc_osc_on
 .text.rcc_set_sysclk_source
                0x08000bc8       0x14 ../third_party/libopencm3/lib\libopencm3_stm32f1.a(rcc.o)
                0x08000bc8                rcc_set_sysclk_source
 .text.rcc_set_pll_multiplication_factor
                0x08000bdc       0x14 ../third_party/libopencm3/lib\libopencm3_stm32f1.a(rcc.o)
                0x08000bdc                rcc_set_pll_multiplication_factor
 .text.rcc_set_pll_source
                0x08000bf0       0x14 ../third_party/libopencm3/lib\libopencm3_stm32f1.a(rcc.o)
                0x08000bf0                rcc_set_pll_source
 .text.rcc_set_pllxtpre
                0x08000c04       0x14 ../third_party/libopencm3/lib\libopencm3_stm32f1.a(rcc.o)
                0x08000c04                rcc_set_pllxtpre
 .text.rcc_set_adcpre
                0x08000c18       0x14 ../third_party/libopencm3/lib\libopencm3_stm32f1.a(rcc.o)
                0x08000c18                rcc_set_adcpre
 .text.rcc_set_ppre2
                0x08000c2c       0x14 ../third_party/libopencm3/lib\libopencm3_stm32f1.a(rcc.o)
                0x08000c2c                rcc_set_ppre2
 .text.rcc_set_ppre1
                0x08000c40       0x14 ../third_party/libopencm3/lib\libopencm3_stm32f1.a(rcc.o)
                0x08000c40                rcc_set_ppre1
 .text.rcc_set_hpre
                0x08000c54       0x14 ../third_party/libopencm3/lib\libopencm3_stm32f1.a(rcc.o)
                0x08000c54                rcc_set_hpre
 .text.rcc_set_usbpre
                0x08000c68       0x18 ../third_party/libopencm3/lib\libopencm3_stm32f1.a(rcc.o)
                0x08000c68                rcc_set_usbpre
 .text.rcc_clock_setup_in_hse_8mhz_out_72mhz
                0x08000c80       0x88 ../third_party/libopencm3/lib\libopencm3_stm32f1.a(rcc.o)
                0x08000c80                rcc_clock_setup_in_hse_8mhz_out_72mhz
 .text.rcc_periph_clock_enable
                0x08000d08       0x1a ../third_party/libopencm3/lib\libopencm3_stm32f1.a(rcc_common_all.o)
                0x08000d08                rcc_periph_clock_enable
 .text.timer_enable_counter
                0x08000d22        0xa ../third_party/libopencm3/lib\libopencm3_stm32f1.a(timer_common_all.o)
                0x08000d22                timer_enable_counter
 .text.timer_set_prescaler
                0x08000d2c        0x4 ../third_party/libopencm3/lib\libopencm3_stm32f1.a(timer_common_all.o)
                0x08000d2c                timer_set_prescaler
 .text.timer_set_period
                0x08000d30        0x4 ../third_party/libopencm3/lib\libopencm3_stm32f1.a(timer_common_all.o)
                0x08000d30                timer_set_period
 .text.timer_get_counter
                0x08000d34        0x4 ../third_party/libopencm3/lib\libopencm3_stm32f1.a(timer_common_all.o)
                0x08000d34                timer_get_counter
 .text.usbd_init
                0x08000d38       0x54 ../third_party/libopencm3/lib\libopencm3_stm32f1.a(usb.o)
                0x08000d38                usbd_init
 .text.usbd_poll
                0x08000d8c        0x8 ../third_party/libopencm3/lib\libopencm3_stm32f1.a(usb.o)
                0x08000d8c                usbd_poll
 .text.usbd_ep_setup
                0x08000d94        0xe ../third_party/libopencm3/lib\libopencm3_stm32f1.a(usb.o)
                0x08000d94                usbd_ep_setup
 .text._usbd_reset
                0x08000da2       0x32 ../third_party/libopencm3/lib\libopencm3_stm32f1.a(usb.o)
                0x08000da2                _usbd_reset
 .text.usbd_ep_write_packet
                0x08000dd4        0xe ../third_party/libopencm3/lib\libopencm3_stm32f1.a(usb.o)
                0x08000dd4                usbd_ep_write_packet
 .text.usbd_ep_read_packet
                0x08000de2        0xe ../third_party/libopencm3/lib\libopencm3_stm32f1.a(usb.o)
                0x08000de2                usbd_ep_read_packet
 .text.usbd_ep_stall_set
                0x08000df0        0x8 ../third_party/libopencm3/lib\libopencm3_stm32f1.a(usb.o)
                0x08000df0                usbd_ep_stall_set
 .text.usbd_ep_stall_get
                0x08000df8        0x8 ../third_party/libopencm3/lib\libopencm3_stm32f1.a(usb.o)
                0x08000df8                usbd_ep_stall_get
 .text.usbd_ep_nak_set
                0x08000e00        0x8 ../third_party/libopencm3/lib\libopencm3_stm32f1.a(usb.o)
                0x08000e00                usbd_ep_nak_set
 .text.usb_control_send_chunk
                0x08000e08       0x56 ../third_party/libopencm3/lib\libopencm3_stm32f1.a(usb_control.o)
 .text.usb_control_request_dispatch
                0x08000e5e       0x90 ../third_party/libopencm3/lib\libopencm3_stm32f1.a(usb_control.o)
 .text.stall_transaction
                0x08000eee       0x14 ../third_party/libopencm3/lib\libopencm3_stm32f1.a(usb_control.o)
 .text.usb_control_recv_chunk
                0x08000f02       0x42 ../third_party/libopencm3/lib\libopencm3_stm32f1.a(usb_control.o)
 .text.usbd_register_control_callback
                0x08000f44       0x2c ../third_party/libopencm3/lib\libopencm3_stm32f1.a(usb_control.o)
                0x08000f44                usbd_register_control_callback
 .text._usbd_control_setup
                0x08000f70       0xac ../third_party/libopencm3/lib\libopencm3_stm32f1.a(usb_control.o)
                0x08000f70                _usbd_control_setup
 .text._usbd_control_out
                0x0800101c       0x84 ../third_party/libopencm3/lib\libopencm3_stm32f1.a(usb_control.o)
                0x0800101c                _usbd_control_out
 .text._usbd_control_in
                0x080010a0       0x64 ../third_party/libopencm3/lib\libopencm3_stm32f1.a(usb_control.o)
                0x080010a0                _usbd_control_in
 .text.usb_standard_set_address
                0x08001104       0x28 ../third_party/libopencm3/lib\libopencm3_stm32f1.a(usb_standard.o)
 .text.usb_standard_set_configuration
                0x0800112c       0x92 ../third_party/libopencm3/lib\libopencm3_stm32f1.a(usb_standard.o)
 .text.usb_standard_get_configuration
                0x080011be       0x22 ../third_party/libopencm3/lib\libopencm3_stm32f1.a(usb_standard.o)
 .text.usb_standard_set_interface
                0x080011e0       0x50 ../third_party/libopencm3/lib\libopencm3_stm32f1.a(usb_standard.o)
 .text.usb_standard_get_interface
                0x08001230       0x34 ../third_party/libopencm3/lib\libopencm3_stm32f1.a(usb_standard.o)
 .text.usb_standard_device_get_status
                0x08001264       0x18 ../third_party/libopencm3/lib\libopencm3_stm32f1.a(usb_standard.o)
 .text.usb_standard_endpoint_get_status
                0x0800127c       0x2a ../third_party/libopencm3/lib\libopencm3_stm32f1.a(usb_standard.o)
 .text.usb_standard_endpoint_stall
                0x080012a6       0x10 ../third_party/libopencm3/lib\libopencm3_stm32f1.a(usb_standard.o)
 .text.usb_standard_endpoint_unstall
                0x080012b6       0x10 ../third_party/libopencm3/lib\libopencm3_stm32f1.a(usb_standard.o)
 *fill*         0x080012c6        0x2 
 .text.usb_standard_get_descriptor
                0x080012c8      0x384 ../third_party/libopencm3/lib\libopencm3_stm32f1.a(usb_standard.o)
 .text.usb_standard_interface_get_status
                0x0800164c       0x18 ../third_party/libopencm3/lib\libopencm3_stm32f1.a(usb_standard.o)
 .text.usbd_register_set_config_callback
                0x08001664       0x28 ../third_party/libopencm3/lib\libopencm3_stm32f1.a(usb_standard.o)
                0x08001664                usbd_register_set_config_callback
 .text._usbd_standard_request_device
                0x0800168c       0x48 ../third_party/libopencm3/lib\libopencm3_stm32f1.a(usb_standard.o)
                0x0800168c                _usbd_standard_request_device
 .text._usbd_standard_request_interface
                0x080016d4       0x30 ../third_party/libopencm3/lib\libopencm3_stm32f1.a(usb_standard.o)
                0x080016d4                _usbd_standard_request_interface
 .text._usbd_standard_request_endpoint
                0x08001704       0x3c ../third_party/libopencm3/lib\libopencm3_stm32f1.a(usb_standard.o)
                0x08001704                _usbd_standard_request_endpoint
 .text._usbd_standard_request
                0x08001740       0x30 ../third_party/libopencm3/lib\libopencm3_stm32f1.a(usb_standard.o)
                0x08001740                _usbd_standard_request
 .text.st_usbfs_v1_usbd_init
                0x08001770       0x30 ../third_party/libopencm3/lib\libopencm3_stm32f1.a(st_usbfs_v1.o)
 .text.st_usbfs_copy_to_pm
                0x080017a0       0x1a ../third_party/libopencm3/lib\libopencm3_stm32f1.a(st_usbfs_v1.o)
                0x080017a0                st_usbfs_copy_to_pm
 .text.st_usbfs_copy_from_pm
                0x080017ba       0x24 ../third_party/libopencm3/lib\libopencm3_stm32f1.a(st_usbfs_v1.o)
                0x080017ba                st_usbfs_copy_from_pm
 .text.systick_set_reload
                0x080017de        0xc ../third_party/libopencm3/lib\libopencm3_stm32f1.a(systick.o)
                0x080017de                systick_set_reload
 .text.systick_set_clocksource
                0x080017ea       0x14 ../third_party/libopencm3/lib\libopencm3_stm32f1.a(systick.o)
                0x080017ea                systick_set_clocksource
 .text.systick_interrupt_enable
                0x080017fe        0xe ../third_party/libopencm3/lib\libopencm3_stm32f1.a(systick.o)
                0x080017fe                systick_interrupt_enable
 .text.systick_counter_enable
                0x0800180c        0xe ../third_party/libopencm3/lib\libopencm3_stm32f1.a(systick.o)
                0x0800180c                systick_counter_enable
 .text.nvic_enable_irq
                0x0800181a       0x18 ../third_party/libopencm3/lib\libopencm3_stm32f1.a(nvic.o)
                0x0800181a                nvic_enable_irq
 *fill*         0x08001832        0x2 
 .text.flash_set_ws
                0x08001834       0x14 ../third_party/libopencm3/lib\libopencm3_stm32f1.a(flash_common_all.o)
                0x08001834                flash_set_ws
 .text.st_usbfs_set_address
                0x08001848       0x10 ../third_party/libopencm3/lib\libopencm3_stm32f1.a(st_usbfs_core.o)
                0x08001848                st_usbfs_set_address
 .text.st_usbfs_set_ep_rx_bufsize
                0x08001858       0x44 ../third_party/libopencm3/lib\libopencm3_stm32f1.a(st_usbfs_core.o)
                0x08001858                st_usbfs_set_ep_rx_bufsize
 .text.st_usbfs_ep_setup
                0x0800189c      0x128 ../third_party/libopencm3/lib\libopencm3_stm32f1.a(st_usbfs_core.o)
                0x0800189c                st_usbfs_ep_setup
 .text.st_usbfs_endpoints_reset
                0x080019c4       0x44 ../third_party/libopencm3/lib\libopencm3_stm32f1.a(st_usbfs_core.o)
                0x080019c4                st_usbfs_endpoints_reset
 .text.st_usbfs_ep_stall_set
                0x08001a08       0xbc ../third_party/libopencm3/lib\libopencm3_stm32f1.a(st_usbfs_core.o)
                0x08001a08                st_usbfs_ep_stall_set
 .text.st_usbfs_ep_stall_get
                0x08001ac4       0x38 ../third_party/libopencm3/lib\libopencm3_stm32f1.a(st_usbfs_core.o)
                0x08001ac4                st_usbfs_ep_stall_get
 .text.st_usbfs_ep_nak_set
                0x08001afc       0x3c ../third_party/libopencm3/lib\libopencm3_stm32f1.a(st_usbfs_core.o)
                0x08001afc                st_usbfs_ep_nak_set
 .text.st_usbfs_ep_write_packet
                0x08001b38       0x88 ../third_party/libopencm3/lib\libopencm3_stm32f1.a(st_usbfs_core.o)
                0x08001b38                st_usbfs_ep_write_packet
 .text.st_usbfs_ep_read_packet
                0x08001bc0       0xb4 ../third_party/libopencm3/lib\libopencm3_stm32f1.a(st_usbfs_core.o)
                0x08001bc0                st_usbfs_ep_read_packet
 .text.st_usbfs_poll
                0x08001c74       0xf0 ../third_party/libopencm3/lib\libopencm3_stm32f1.a(st_usbfs_core.o)
                0x08001c74                st_usbfs_poll
 .text.memcmp   0x08001d64       0x20 C:/ST/STM32CubeCLT_1.19.0/GNU-tools-for-STM32/bin/../lib/gcc/arm-none-eabi/13.3.1/../../../../arm-none-eabi/lib/thumb/v7-m/nofp\libc.a(libc_a-memcmp.o)
                0x08001d64                memcmp
 .text.memcpy   0x08001d84       0x1c C:/ST/STM32CubeCLT_1.19.0/GNU-tools-for-STM32/bin/../lib/gcc/arm-none-eabi/13.3.1/../../../../arm-none-eabi/lib/thumb/v7-m/nofp\libc.a(libc_a-memcpy-stub.o)
                0x08001d84                memcpy
 .text          0x08001da0       0x10 C:/ST/STM32CubeCLT_1.19.0/GNU-tools-for-STM32/bin/../lib/gcc/arm-none-eabi/13.3.1/../../../../arm-none-eabi/lib/thumb/v7-m/nofp\libc.a(libc_a-strlen.o)
                0x08001da0                strlen
 *(.rodata*)
 .rodata.str1.1
                0x08001db0       0x27 build/src/main.o
 .rodata.config
                0x08001dd7        0xd build/src/main.o
 .rodata.ifaces
                0x08001de4       0x20 build/src/main.o
 .rodata.data_iface
                0x08001e04       0x15 build/src/main.o
 .rodata.comm_iface
                0x08001e19       0x15 build/src/main.o
 .rodata.cdcacm_functional_descriptors
                0x08001e2e       0x13 build/src/main.o
 .rodata.data_endp
                0x08001e41       0x1e build/src/main.o
 .rodata.comm_endp
                0x08001e5f        0xf build/src/main.o
 .rodata.dev    0x08001e6e       0x12 build/src/main.o
 .rodata        0x08001e80        0x8 build/src/main.o
 .rodata.microsoft_os_descriptor_platform_capability_id
                0x08001e88       0x10 ../third_party/libopencm3/lib\libopencm3_stm32f1.a(usb_standard.o)
 .rodata.st_usbfs_v1_usb_driver
                0x08001e98       0x38 ../third_party/libopencm3/lib\libopencm3_stm32f1.a(st_usbfs_v1.o)
                0x08001e98                st_usbfs_v1_usb_driver
 *(.init)
 .init          0x08001ed0        0x4 C:/ST/STM32CubeCLT_1.19.0/GNU-tools-for-STM32/bin/../lib/gcc/arm-none-eabi/13.3.1/thumb/v7-m/nofp/crti.o
                0x08001ed0                _init
 .init          0x08001ed4        0x8 C:/ST/STM32CubeCLT_1.19.0/GNU-tools-for-STM32/bin/../lib/gcc/arm-none-eabi/13.3.1/thumb/v7-m/nofp/crtn.o
 *(.fini)
 .fini          0x08001edc        0x4 C:/ST/STM32CubeCLT_1.19.0/GNU-tools-for-STM32/bin/../lib/gcc/arm-none-eabi/13.3.1/thumb/v7-m/nofp/crti.o
                0x08001edc                _fini
 .fini          0x08001ee0        0x8 C:/ST/STM32CubeCLT_1.19.0/GNU-tools-for-STM32/bin/../lib/gcc/arm-none-eabi/13.3.1/thumb/v7-m/nofp/crtn.o
                0x08001ef0                        _etext = .

.glue_7         0x08001ee8        0x0
 .glue_7        0x08001ee8        0x0 linker stubs

.glue_7t        0x08001ee8        0x0
 .glue_7t       0x08001ee8        0x0 linker stubs

.vfp11_veneer   0x08001ee8        0x0
 .vfp11_veneer  0x08001ee8        0x0 linker stubs

.v4_bx          0x08001ee8        0x0
 .v4_bx         0x08001ee8        0x0 linker stubs

.iplt           0x08001ee8        0x0
 .iplt          0x08001ee8        0x0 build/src/startup_stm32f103xb.o

.ARM.extab
 *(.ARM.extab* .gnu.linkonce.armextab.*)

.ARM.exidx      0x08001ee8        0x8
 *(.ARM.exidx* .gnu.linkonce.armexidx.*)
 .ARM.exidx     0x08001ee8        0x8 C:/ST/STM32CubeCLT_1.19.0/GNU-tools-for-STM32/bin/../lib/gcc/arm-none-eabi/13.3.1/../../../../arm-none-eabi/lib/thumb/v7-m/nofp\libc.a(libc_a-strlen.o)
                0x08001ef0                        _etext = .

.rel.dyn        0x08001ef0        0x0
 .rel.iplt      0x08001ef0        0x0 build/src/startup_stm32f103xb.o

.data           0x20000000       0x24 load address 0x08001ef0
                0x20000000                        _sdata = .
 *(.data*)
 .data.coding.0
                0x20000000        0x7 build/src/main.o
 *fill*         0x20000007        0x1 
 .data.usb_strings
                0x20000008        0xc build/src/main.o
 .data.capture_enabled
                0x20000014        0x1 build/src/main.o
 *fill*         0x20000015        0x3 
 .data.rcc_ahb_frequency
                0x20000018        0x4 ../third_party/libopencm3/lib\libopencm3_stm32f1.a(rcc.o)
                0x20000018                rcc_ahb_frequency
 .data.rcc_apb2_frequency
                0x2000001c        0x4 ../third_party/libopencm3/lib\libopencm3_stm32f1.a(rcc.o)
                0x2000001c                rcc_apb2_frequency
 .data.rcc_apb1_frequency
                0x20000020        0x4 ../third_party/libopencm3/lib\libopencm3_stm32f1.a(rcc.o)
                0x20000020                rcc_apb1_frequency
                0x20000024                        _edata = .

.igot.plt       0x20000024        0x0 load address 0x08001f14
 .igot.plt      0x20000024        0x0 build/src/startup_stm32f103xb.o

.bss            0x20000024     0x2250 load address 0x08001f14
                0x20000024                        _sbss = .
 *(.bss*)
 .bss.score.1   0x20000024        0x4 build/src/main.o
 .bss.pb0_next_ms
                0x20000028        0x4 build/src/main.o
 .bss.pb0_phase_index
                0x2000002c        0x1 build/src/main.o
 .bss.pb0_phase_count
                0x2000002d        0x1 build/src/main.o
 .bss.pb0_phases
                0x2000002e       0x40 build/src/main.o
 .bss.source_unit_count
                0x2000006e        0x1 build/src/main.o
 .bss.source_units
                0x2000006f       0x30 build/src/main.o
 .bss.usb_configured
                0x2000009f        0x1 build/src/main.o
 .bss.stable_presence_mask
                0x200000a0        0x1 build/src/main.o
 .bss.decoded_presence_mask
                0x200000a1        0x1 build/src/main.o
 *fill*         0x200000a2        0x2 
 .bss.decoded_frame_count
                0x200000a4        0x4 build/src/main.o
 .bss.decoded_status_word
                0x200000a8        0x2 build/src/main.o
 .bss.overflow_latched
                0x200000aa        0x1 build/src/main.o
 *fill*         0x200000ab        0x1 
 .bss.seq       0x200000ac        0x2 build/src/main.o
 *fill*         0x200000ae        0x2 
 .bss.dropped_bytes
                0x200000b0        0x4 build/src/main.o
 .bss.edge_count
                0x200000b4        0xc build/src/main.o
 .bss.system_millis
                0x200000c0        0x4 build/src/main.o
 .bss.last_tick
                0x200000c4        0xc build/src/main.o
 .bss.tx_tail   0x200000d0        0x2 build/src/main.o
 .bss.tx_head   0x200000d2        0x2 build/src/main.o
 .bss.tx_ring   0x200000d4     0x2000 build/src/main.o
 .bss.usb_control_buffer
                0x200020d4       0x80 build/src/main.o
 .bss.usbdev    0x20002154        0x4 build/src/main.o
 .bss.st_usbfs_dev
                0x20002158      0x114 ../third_party/libopencm3/lib\libopencm3_stm32f1.a(st_usbfs_core.o)
                0x20002158                st_usbfs_dev
 .bss.st_usbfs_force_nak
                0x2000226c        0x8 ../third_party/libopencm3/lib\libopencm3_stm32f1.a(st_usbfs_core.o)
                0x2000226c                st_usbfs_force_nak
 *(COMMON)
                0x20002274                        _ebss = .
                0x20002278                        . = ALIGN (0x8)
                0x20005000                        _estack = (ORIGIN (RAM) + LENGTH (RAM))
OUTPUT(build/three_wire_usb_cdc.elf elf32-littlearm)
LOAD linker stubs

.ARM.attributes
                0x00000000       0x29
 .ARM.attributes
                0x00000000       0x1d C:/ST/STM32CubeCLT_1.19.0/GNU-tools-for-STM32/bin/../lib/gcc/arm-none-eabi/13.3.1/thumb/v7-m/nofp/crti.o
 .ARM.attributes
                0x0000001d       0x21 build/src/startup_stm32f103xb.o
 .ARM.attributes
                0x0000003e       0x2d build/src/main.o
 .ARM.attributes
                0x0000006b       0x2d ../third_party/libopencm3/lib\libopencm3_stm32f1.a(exti_common_all.o)
 .ARM.attributes
                0x00000098       0x2d ../third_party/libopencm3/lib\libopencm3_stm32f1.a(gpio.o)
 .ARM.attributes
                0x000000c5       0x2d ../third_party/libopencm3/lib\libopencm3_stm32f1.a(gpio_common_all.o)
 .ARM.attributes
                0x000000f2       0x2d ../third_party/libopencm3/lib\libopencm3_stm32f1.a(rcc.o)
 .ARM.attributes
                0x0000011f       0x2d ../third_party/libopencm3/lib\libopencm3_stm32f1.a(rcc_common_all.o)
 .ARM.attributes
                0x0000014c       0x2d ../third_party/libopencm3/lib\libopencm3_stm32f1.a(timer_common_all.o)
 .ARM.attributes
                0x00000179       0x2d ../third_party/libopencm3/lib\libopencm3_stm32f1.a(usb.o)
 .ARM.attributes
                0x000001a6       0x2d ../third_party/libopencm3/lib\libopencm3_stm32f1.a(usb_control.o)
 .ARM.attributes
                0x000001d3       0x2d ../third_party/libopencm3/lib\libopencm3_stm32f1.a(usb_standard.o)
 .ARM.attributes
                0x00000200       0x2d ../third_party/libopencm3/lib\libopencm3_stm32f1.a(st_usbfs_v1.o)
 .ARM.attributes
                0x0000022d       0x2d ../third_party/libopencm3/lib\libopencm3_stm32f1.a(systick.o)
 .ARM.attributes
                0x0000025a       0x2d ../third_party/libopencm3/lib\libopencm3_stm32f1.a(nvic.o)
 .ARM.attributes
                0x00000287       0x2d ../third_party/libopencm3/lib\libopencm3_stm32f1.a(flash_common_all.o)
 .ARM.attributes
                0x000002b4       0x2d ../third_party/libopencm3/lib\libopencm3_stm32f1.a(st_usbfs_core.o)
 .ARM.attributes
                0x000002e1       0x2d C:/ST/STM32CubeCLT_1.19.0/GNU-tools-for-STM32/bin/../lib/gcc/arm-none-eabi/13.3.1/../../../../arm-none-eabi/lib/thumb/v7-m/nofp\libc.a(libc_a-memcmp.o)
 .ARM.attributes
                0x0000030e       0x2d C:/ST/STM32CubeCLT_1.19.0/GNU-tools-for-STM32/bin/../lib/gcc/arm-none-eabi/13.3.1/../../../../arm-none-eabi/lib/thumb/v7-m/nofp\libc.a(libc_a-memcpy-stub.o)
 .ARM.attributes
                0x0000033b       0x17 C:/ST/STM32CubeCLT_1.19.0/GNU-tools-for-STM32/bin/../lib/gcc/arm-none-eabi/13.3.1/../../../../arm-none-eabi/lib/thumb/v7-m/nofp\libc.a(libc_a-strlen.o)
 .ARM.attributes
                0x00000352       0x1d C:/ST/STM32CubeCLT_1.19.0/GNU-tools-for-STM32/bin/../lib/gcc/arm-none-eabi/13.3.1/thumb/v7-m/nofp/crtn.o

.comment        0x00000000       0x43
 .comment       0x00000000       0x43 build/src/main.o
                                 0x44 (size before relaxing)
 .comment       0x00000043       0x44 ../third_party/libopencm3/lib\libopencm3_stm32f1.a(exti_common_all.o)
 .comment       0x00000043       0x44 ../third_party/libopencm3/lib\libopencm3_stm32f1.a(gpio.o)
 .comment       0x00000043       0x44 ../third_party/libopencm3/lib\libopencm3_stm32f1.a(gpio_common_all.o)
 .comment       0x00000043       0x44 ../third_party/libopencm3/lib\libopencm3_stm32f1.a(rcc.o)
 .comment       0x00000043       0x44 ../third_party/libopencm3/lib\libopencm3_stm32f1.a(rcc_common_all.o)
 .comment       0x00000043       0x44 ../third_party/libopencm3/lib\libopencm3_stm32f1.a(timer_common_all.o)
 .comment       0x00000043       0x44 ../third_party/libopencm3/lib\libopencm3_stm32f1.a(usb.o)
 .comment       0x00000043       0x44 ../third_party/libopencm3/lib\libopencm3_stm32f1.a(usb_control.o)
 .comment       0x00000043       0x44 ../third_party/libopencm3/lib\libopencm3_stm32f1.a(usb_standard.o)
 .comment       0x00000043       0x44 ../third_party/libopencm3/lib\libopencm3_stm32f1.a(st_usbfs_v1.o)
 .comment       0x00000043       0x44 ../third_party/libopencm3/lib\libopencm3_stm32f1.a(systick.o)
 .comment       0x00000043       0x44 ../third_party/libopencm3/lib\libopencm3_stm32f1.a(nvic.o)
 .comment       0x00000043       0x44 ../third_party/libopencm3/lib\libopencm3_stm32f1.a(flash_common_all.o)
 .comment       0x00000043       0x44 ../third_party/libopencm3/lib\libopencm3_stm32f1.a(st_usbfs_core.o)

.debug_line     0x00000000     0x7c02
 .debug_line    0x00000000       0x74 build/src/startup_stm32f103xb.o
 .debug_line    0x00000074      0xfc9 build/src/main.o
 .debug_line    0x0000103d      0x50f ../third_party/libopencm3/lib\libopencm3_stm32f1.a(exti_common_all.o)
 .debug_line    0x0000154c      0x4b7 ../third_party/libopencm3/lib\libopencm3_stm32f1.a(gpio.o)
 .debug_line    0x00001a03      0x470 ../third_party/libopencm3/lib\libopencm3_stm32f1.a(gpio_common_all.o)
 .debug_line    0x00001e73      0xe1d ../third_party/libopencm3/lib\libopencm3_stm32f1.a(rcc.o)
 .debug_line    0x00002c90      0x517 ../third_party/libopencm3/lib\libopencm3_stm32f1.a(rcc_common_all.o)
 .debug_line    0x000031a7     0x11e0 ../third_party/libopencm3/lib\libopencm3_stm32f1.a(timer_common_all.o)
 .debug_line    0x00004387      0x635 ../third_party/libopencm3/lib\libopencm3_stm32f1.a(usb.o)
 .debug_line    0x000049bc      0x80d ../third_party/libopencm3/lib\libopencm3_stm32f1.a(usb_control.o)
 .debug_line    0x000051c9      0xf35 ../third_party/libopencm3/lib\libopencm3_stm32f1.a(usb_standard.o)
 .debug_line    0x000060fe      0x4f9 ../third_party/libopencm3/lib\libopencm3_stm32f1.a(st_usbfs_v1.o)
 .debug_line    0x000065f7      0x468 ../third_party/libopencm3/lib\libopencm3_stm32f1.a(systick.o)
 .debug_line    0x00006a5f      0x498 ../third_party/libopencm3/lib\libopencm3_stm32f1.a(nvic.o)
 .debug_line    0x00006ef7      0x416 ../third_party/libopencm3/lib\libopencm3_stm32f1.a(flash_common_all.o)
 .debug_line    0x0000730d      0x8f5 ../third_party/libopencm3/lib\libopencm3_stm32f1.a(st_usbfs_core.o)

.debug_line_str
                0x00000000       0x5d
 .debug_line_str
                0x00000000       0x5d build/src/startup_stm32f103xb.o

.debug_info     0x00000000     0xb7c1
 .debug_info    0x00000000       0x23 build/src/startup_stm32f103xb.o
 .debug_info    0x00000023     0x20ca build/src/main.o
 .debug_info    0x000020ed      0x23e ../third_party/libopencm3/lib\libopencm3_stm32f1.a(exti_common_all.o)
 .debug_info    0x0000232b      0x1fd ../third_party/libopencm3/lib\libopencm3_stm32f1.a(gpio.o)
 .debug_info    0x00002528      0x256 ../third_party/libopencm3/lib\libopencm3_stm32f1.a(gpio_common_all.o)
 .debug_info    0x0000277e     0x14d0 ../third_party/libopencm3/lib\libopencm3_stm32f1.a(rcc.o)
 .debug_info    0x00003c4e      0x60d ../third_party/libopencm3/lib\libopencm3_stm32f1.a(rcc_common_all.o)
 .debug_info    0x0000425b     0x1104 ../third_party/libopencm3/lib\libopencm3_stm32f1.a(timer_common_all.o)
 .debug_info    0x0000535f     0x1172 ../third_party/libopencm3/lib\libopencm3_stm32f1.a(usb.o)
 .debug_info    0x000064d1     0x1173 ../third_party/libopencm3/lib\libopencm3_stm32f1.a(usb_control.o)
 .debug_info    0x00007644     0x1b1d ../third_party/libopencm3/lib\libopencm3_stm32f1.a(usb_standard.o)
 .debug_info    0x00009161      0xf86 ../third_party/libopencm3/lib\libopencm3_stm32f1.a(st_usbfs_v1.o)
 .debug_info    0x0000a0e7      0x28f ../third_party/libopencm3/lib\libopencm3_stm32f1.a(systick.o)
 .debug_info    0x0000a376      0x239 ../third_party/libopencm3/lib\libopencm3_stm32f1.a(nvic.o)
 .debug_info    0x0000a5af       0xf6 ../third_party/libopencm3/lib\libopencm3_stm32f1.a(flash_common_all.o)
 .debug_info    0x0000a6a5     0x111c ../third_party/libopencm3/lib\libopencm3_stm32f1.a(st_usbfs_core.o)

.debug_abbrev   0x00000000     0x2225
 .debug_abbrev  0x00000000       0x12 build/src/startup_stm32f103xb.o
 .debug_abbrev  0x00000012      0x539 build/src/main.o
 .debug_abbrev  0x0000054b      0x10a ../third_party/libopencm3/lib\libopencm3_stm32f1.a(exti_common_all.o)
 .debug_abbrev  0x00000655       0xd3 ../third_party/libopencm3/lib\libopencm3_stm32f1.a(gpio.o)
 .debug_abbrev  0x00000728      0x115 ../third_party/libopencm3/lib\libopencm3_stm32f1.a(gpio_common_all.o)
 .debug_abbrev  0x0000083d      0x2be ../third_party/libopencm3/lib\libopencm3_stm32f1.a(rcc.o)
 .debug_abbrev  0x00000afb      0x185 ../third_party/libopencm3/lib\libopencm3_stm32f1.a(rcc_common_all.o)
 .debug_abbrev  0x00000c80      0x1b7 ../third_party/libopencm3/lib\libopencm3_stm32f1.a(timer_common_all.o)
 .debug_abbrev  0x00000e37      0x2ac ../third_party/libopencm3/lib\libopencm3_stm32f1.a(usb.o)
 .debug_abbrev  0x000010e3      0x3ea ../third_party/libopencm3/lib\libopencm3_stm32f1.a(usb_control.o)
 .debug_abbrev  0x000014cd      0x4f9 ../third_party/libopencm3/lib\libopencm3_stm32f1.a(usb_standard.o)
 .debug_abbrev  0x000019c6      0x2a1 ../third_party/libopencm3/lib\libopencm3_stm32f1.a(st_usbfs_v1.o)
 .debug_abbrev  0x00001c67      0x14e ../third_party/libopencm3/lib\libopencm3_stm32f1.a(systick.o)
 .debug_abbrev  0x00001db5       0xb6 ../third_party/libopencm3/lib\libopencm3_stm32f1.a(nvic.o)
 .debug_abbrev  0x00001e6b       0x9d ../third_party/libopencm3/lib\libopencm3_stm32f1.a(flash_common_all.o)
 .debug_abbrev  0x00001f08      0x31d ../third_party/libopencm3/lib\libopencm3_stm32f1.a(st_usbfs_core.o)

.debug_aranges  0x00000000      0x940
 .debug_aranges
                0x00000000       0x28 build/src/startup_stm32f103xb.o
 .debug_aranges
                0x00000028       0x88 build/src/main.o
 .debug_aranges
                0x000000b0       0x48 ../third_party/libopencm3/lib\libopencm3_stm32f1.a(exti_common_all.o)
 .debug_aranges
                0x000000f8       0x38 ../third_party/libopencm3/lib\libopencm3_stm32f1.a(gpio.o)
 .debug_aranges
                0x00000130       0x50 ../third_party/libopencm3/lib\libopencm3_stm32f1.a(gpio_common_all.o)
 .debug_aranges
                0x00000180      0x170 ../third_party/libopencm3/lib\libopencm3_stm32f1.a(rcc.o)
 .debug_aranges
                0x000002f0       0x80 ../third_party/libopencm3/lib\libopencm3_stm32f1.a(rcc_common_all.o)
 .debug_aranges
                0x00000370      0x298 ../third_party/libopencm3/lib\libopencm3_stm32f1.a(timer_common_all.o)
 .debug_aranges
                0x00000608       0x98 ../third_party/libopencm3/lib\libopencm3_stm32f1.a(usb.o)
 .debug_aranges
                0x000006a0       0x58 ../third_party/libopencm3/lib\libopencm3_stm32f1.a(usb_control.o)
 .debug_aranges
                0x000006f8       0xa0 ../third_party/libopencm3/lib\libopencm3_stm32f1.a(usb_standard.o)
 .debug_aranges
                0x00000798       0x30 ../third_party/libopencm3/lib\libopencm3_stm32f1.a(st_usbfs_v1.o)
 .debug_aranges
                0x000007c8       0x78 ../third_party/libopencm3/lib\libopencm3_stm32f1.a(systick.o)
 .debug_aranges
                0x00000840       0x60 ../third_party/libopencm3/lib\libopencm3_stm32f1.a(nvic.o)
 .debug_aranges
                0x000008a0       0x38 ../third_party/libopencm3/lib\libopencm3_stm32f1.a(flash_common_all.o)
 .debug_aranges
                0x000008d8       0x68 ../third_party/libopencm3/lib\libopencm3_stm32f1.a(st_usbfs_core.o)

.debug_str      0x00000000    0x1a10e
 .debug_str     0x00000000    0x1a10e build/src/startup_stm32f103xb.o
                                 0x6b (size before relaxing)
 .debug_str     0x0001a10e    0x146de build/src/main.o
 .debug_str     0x0001a10e     0x8f12 ../third_party/libopencm3/lib\libopencm3_stm32f1.a(exti_common_all.o)
 .debug_str     0x0001a10e     0x8759 ../third_party/libopencm3/lib\libopencm3_stm32f1.a(gpio.o)
 .debug_str     0x0001a10e     0x874d ../third_party/libopencm3/lib\libopencm3_stm32f1.a(gpio_common_all.o)
 .debug_str     0x0001a10e     0x83ae ../third_party/libopencm3/lib\libopencm3_stm32f1.a(rcc.o)
 .debug_str     0x0001a10e     0x7abc ../third_party/libopencm3/lib\libopencm3_stm32f1.a(rcc_common_all.o)
 .debug_str     0x0001a10e     0xc0f8 ../third_party/libopencm3/lib\libopencm3_stm32f1.a(timer_common_all.o)
 .debug_str     0x0001a10e     0x85dd ../third_party/libopencm3/lib\libopencm3_stm32f1.a(usb.o)
 .debug_str     0x0001a10e     0x8552 ../third_party/libopencm3/lib\libopencm3_stm32f1.a(usb_control.o)
 .debug_str     0x0001a10e     0x8d28 ../third_party/libopencm3/lib\libopencm3_stm32f1.a(usb_standard.o)
 .debug_str     0x0001a10e     0xa48f ../third_party/libopencm3/lib\libopencm3_stm32f1.a(st_usbfs_v1.o)
 .debug_str     0x0001a10e     0x4683 ../third_party/libopencm3/lib\libopencm3_stm32f1.a(systick.o)
 .debug_str     0x0001a10e     0x5dd4 ../third_party/libopencm3/lib\libopencm3_stm32f1.a(nvic.o)
 .debug_str     0x0001a10e     0x5692 ../third_party/libopencm3/lib\libopencm3_stm32f1.a(flash_common_all.o)
 .debug_str     0x0001a10e     0xa2c0 ../third_party/libopencm3/lib\libopencm3_stm32f1.a(st_usbfs_core.o)

.debug_rnglists
                0x00000000      0x9bf
 .debug_rnglists
                0x00000000       0x19 build/src/startup_stm32f103xb.o
 .debug_rnglists
                0x00000019      0x17c build/src/main.o
 .debug_rnglists
                0x00000195       0x4f ../third_party/libopencm3/lib\libopencm3_stm32f1.a(exti_common_all.o)
 .debug_rnglists
                0x000001e4       0x25 ../third_party/libopencm3/lib\libopencm3_stm32f1.a(gpio.o)
 .debug_rnglists
                0x00000209       0x37 ../third_party/libopencm3/lib\libopencm3_stm32f1.a(gpio_common_all.o)
 .debug_rnglists
                0x00000240      0x160 ../third_party/libopencm3/lib\libopencm3_stm32f1.a(rcc.o)
 .debug_rnglists
                0x000003a0       0x5b ../third_party/libopencm3/lib\libopencm3_stm32f1.a(rcc_common_all.o)
 .debug_rnglists
                0x000003fb      0x1ed ../third_party/libopencm3/lib\libopencm3_stm32f1.a(timer_common_all.o)
 .debug_rnglists
                0x000005e8       0x7c ../third_party/libopencm3/lib\libopencm3_stm32f1.a(usb.o)
 .debug_rnglists
                0x00000664       0x97 ../third_party/libopencm3/lib\libopencm3_stm32f1.a(usb_control.o)
 .debug_rnglists
                0x000006fb      0x121 ../third_party/libopencm3/lib\libopencm3_stm32f1.a(usb_standard.o)
 .debug_rnglists
                0x0000081c       0x3d ../third_party/libopencm3/lib\libopencm3_stm32f1.a(st_usbfs_v1.o)
 .debug_rnglists
                0x00000859       0x61 ../third_party/libopencm3/lib\libopencm3_stm32f1.a(systick.o)
 .debug_rnglists
                0x000008ba       0x43 ../third_party/libopencm3/lib\libopencm3_stm32f1.a(nvic.o)
 .debug_rnglists
                0x000008fd       0x25 ../third_party/libopencm3/lib\libopencm3_stm32f1.a(flash_common_all.o)
 .debug_rnglists
                0x00000922       0x9d ../third_party/libopencm3/lib\libopencm3_stm32f1.a(st_usbfs_core.o)

.debug_loclists
                0x00000000     0x32bf
 .debug_loclists
                0x00000000      0x540 build/src/main.o
 .debug_loclists
                0x00000540       0xa0 ../third_party/libopencm3/lib\libopencm3_stm32f1.a(exti_common_all.o)
 .debug_loclists
                0x000005e0      0x100 ../third_party/libopencm3/lib\libopencm3_stm32f1.a(gpio.o)
 .debug_loclists
                0x000006e0       0x96 ../third_party/libopencm3/lib\libopencm3_stm32f1.a(gpio_common_all.o)
 .debug_loclists
                0x00000776      0x2cb ../third_party/libopencm3/lib\libopencm3_stm32f1.a(rcc.o)
 .debug_loclists
                0x00000a41       0x87 ../third_party/libopencm3/lib\libopencm3_stm32f1.a(rcc_common_all.o)
 .debug_loclists
                0x00000ac8      0x20d ../third_party/libopencm3/lib\libopencm3_stm32f1.a(timer_common_all.o)
 .debug_loclists
                0x00000cd5      0x41a ../third_party/libopencm3/lib\libopencm3_stm32f1.a(usb.o)
 .debug_loclists
                0x000010ef      0x546 ../third_party/libopencm3/lib\libopencm3_stm32f1.a(usb_control.o)
 .debug_loclists
                0x00001635     0x1221 ../third_party/libopencm3/lib\libopencm3_stm32f1.a(usb_standard.o)
 .debug_loclists
                0x00002856      0x125 ../third_party/libopencm3/lib\libopencm3_stm32f1.a(st_usbfs_v1.o)
 .debug_loclists
                0x0000297b      0x192 ../third_party/libopencm3/lib\libopencm3_stm32f1.a(systick.o)
 .debug_loclists
                0x00002b0d      0x111 ../third_party/libopencm3/lib\libopencm3_stm32f1.a(nvic.o)
 .debug_loclists
                0x00002c1e       0x25 ../third_party/libopencm3/lib\libopencm3_stm32f1.a(flash_common_all.o)
 .debug_loclists
                0x00002c43      0x67c ../third_party/libopencm3/lib\libopencm3_stm32f1.a(st_usbfs_core.o)

.debug_macro    0x00000000     0x79ac
 .debug_macro   0x00000000      0x2a1 build/src/main.o
 .debug_macro   0x000002a1      0xac6 build/src/main.o
 .debug_macro   0x00000d67       0x22 build/src/main.o
 .debug_macro   0x00000d89       0x8e build/src/main.o
 .debug_macro   0x00000e17       0x51 build/src/main.o
 .debug_macro   0x00000e68      0x103 build/src/main.o
 .debug_macro   0x00000f6b       0x6a build/src/main.o
 .debug_macro   0x00000fd5      0x1df build/src/main.o
 .debug_macro   0x000011b4       0x22 build/src/main.o
 .debug_macro   0x000011d6       0x74 build/src/main.o
 .debug_macro   0x0000124a       0x24 build/src/main.o
 .debug_macro   0x0000126e       0x3c build/src/main.o
 .debug_macro   0x000012aa       0x34 build/src/main.o
 .debug_macro   0x000012de      0x190 build/src/main.o
 .debug_macro   0x0000146e      0x370 build/src/main.o
 .debug_macro   0x000017de       0x16 build/src/main.o
 .debug_macro   0x000017f4       0x4a build/src/main.o
 .debug_macro   0x0000183e       0x34 build/src/main.o
 .debug_macro   0x00001872       0x10 build/src/main.o
 .debug_macro   0x00001882       0x58 build/src/main.o
 .debug_macro   0x000018da      0x1e5 build/src/main.o
 .debug_macro   0x00001abf       0x10 build/src/main.o
 .debug_macro   0x00001acf       0x3c build/src/main.o
 .debug_macro   0x00001b0b       0x20 build/src/main.o
 .debug_macro   0x00001b2b      0x100 build/src/main.o
 .debug_macro   0x00001c2b       0x76 build/src/main.o
 .debug_macro   0x00001ca1       0x68 build/src/main.o
 .debug_macro   0x00001d09      0x1a2 build/src/main.o
 .debug_macro   0x00001eab       0x6f build/src/main.o
 .debug_macro   0x00001f1a      0x1ba build/src/main.o
 .debug_macro   0x000020d4      0x8c6 build/src/main.o
 .debug_macro   0x0000299a       0x76 build/src/main.o
 .debug_macro   0x00002a10      0xe2e build/src/main.o
 .debug_macro   0x0000383e       0xee build/src/main.o
 .debug_macro   0x0000392c       0x28 build/src/main.o
 .debug_macro   0x00003954      0xf91 build/src/main.o
 .debug_macro   0x000048e5      0x1a2 build/src/main.o
 .debug_macro   0x00004a87       0x16 build/src/main.o
 .debug_macro   0x00004a9d       0x6b build/src/main.o
 .debug_macro   0x00004b08       0xed ../third_party/libopencm3/lib\libopencm3_stm32f1.a(exti_common_all.o)
 .debug_macro   0x00004bf5      0xac0 ../third_party/libopencm3/lib\libopencm3_stm32f1.a(exti_common_all.o)
 .debug_macro   0x000056b5      0x189 ../third_party/libopencm3/lib\libopencm3_stm32f1.a(exti_common_all.o)
 .debug_macro   0x0000583e       0x1c ../third_party/libopencm3/lib\libopencm3_stm32f1.a(exti_common_all.o)
 .debug_macro   0x0000585a       0x56 ../third_party/libopencm3/lib\libopencm3_stm32f1.a(exti_common_all.o)
 .debug_macro   0x000058b0       0xe8 ../third_party/libopencm3/lib\libopencm3_stm32f1.a(exti_common_all.o)
 .debug_macro   0x00005998      0x1b4 ../third_party/libopencm3/lib\libopencm3_stm32f1.a(exti_common_all.o)
 .debug_macro   0x00005b4c       0xb8 ../third_party/libopencm3/lib\libopencm3_stm32f1.a(gpio.o)
 .debug_macro   0x00005c04       0xb8 ../third_party/libopencm3/lib\libopencm3_stm32f1.a(gpio_common_all.o)
 .debug_macro   0x00005cbc       0xe7 ../third_party/libopencm3/lib\libopencm3_stm32f1.a(rcc.o)
 .debug_macro   0x00005da3       0x16 ../third_party/libopencm3/lib\libopencm3_stm32f1.a(rcc.o)
 .debug_macro   0x00005db9       0xee ../third_party/libopencm3/lib\libopencm3_stm32f1.a(rcc.o)
 .debug_macro   0x00005ea7       0x82 ../third_party/libopencm3/lib\libopencm3_stm32f1.a(rcc.o)
 .debug_macro   0x00005f29       0xce ../third_party/libopencm3/lib\libopencm3_stm32f1.a(rcc_common_all.o)
 .debug_macro   0x00005ff7       0xc5 ../third_party/libopencm3/lib\libopencm3_stm32f1.a(timer_common_all.o)
 .debug_macro   0x000060bc      0x15e ../third_party/libopencm3/lib\libopencm3_stm32f1.a(usb.o)
 .debug_macro   0x0000621a       0x6e ../third_party/libopencm3/lib\libopencm3_stm32f1.a(usb.o)
 .debug_macro   0x00006288       0x5c ../third_party/libopencm3/lib\libopencm3_stm32f1.a(usb.o)
 .debug_macro   0x000062e4       0x57 ../third_party/libopencm3/lib\libopencm3_stm32f1.a(usb.o)
 .debug_macro   0x0000633b      0x38c ../third_party/libopencm3/lib\libopencm3_stm32f1.a(usb.o)
 .debug_macro   0x000066c7      0x19c ../third_party/libopencm3/lib\libopencm3_stm32f1.a(usb.o)
 .debug_macro   0x00006863       0x9b ../third_party/libopencm3/lib\libopencm3_stm32f1.a(usb.o)
 .debug_macro   0x000068fe       0x22 ../third_party/libopencm3/lib\libopencm3_stm32f1.a(usb.o)
 .debug_macro   0x00006920      0x167 ../third_party/libopencm3/lib\libopencm3_stm32f1.a(usb_control.o)
 .debug_macro   0x00006a87       0x16 ../third_party/libopencm3/lib\libopencm3_stm32f1.a(usb_control.o)
 .debug_macro   0x00006a9d      0x11c ../third_party/libopencm3/lib\libopencm3_stm32f1.a(usb_control.o)
 .debug_macro   0x00006bb9       0x94 ../third_party/libopencm3/lib\libopencm3_stm32f1.a(usb_control.o)
 .debug_macro   0x00006c4d       0x22 ../third_party/libopencm3/lib\libopencm3_stm32f1.a(usb_control.o)
 .debug_macro   0x00006c6f      0x167 ../third_party/libopencm3/lib\libopencm3_stm32f1.a(usb_standard.o)
 .debug_macro   0x00006dd6       0x65 ../third_party/libopencm3/lib\libopencm3_stm32f1.a(usb_standard.o)
 .debug_macro   0x00006e3b      0x125 ../third_party/libopencm3/lib\libopencm3_stm32f1.a(st_usbfs_v1.o)
 .debug_macro   0x00006f60       0x3a ../third_party/libopencm3/lib\libopencm3_stm32f1.a(st_usbfs_v1.o)
 .debug_macro   0x00006f9a      0x29e ../third_party/libopencm3/lib\libopencm3_stm32f1.a(st_usbfs_v1.o)
 .debug_macro   0x00007238       0x28 ../third_party/libopencm3/lib\libopencm3_stm32f1.a(st_usbfs_v1.o)
 .debug_macro   0x00007260       0x10 ../third_party/libopencm3/lib\libopencm3_stm32f1.a(st_usbfs_v1.o)
 .debug_macro   0x00007270       0x92 ../third_party/libopencm3/lib\libopencm3_stm32f1.a(systick.o)
 .debug_macro   0x00007302       0x69 ../third_party/libopencm3/lib\libopencm3_stm32f1.a(systick.o)
 .debug_macro   0x0000736b       0xb3 ../third_party/libopencm3/lib\libopencm3_stm32f1.a(nvic.o)
 .debug_macro   0x0000741e      0x3a9 ../third_party/libopencm3/lib\libopencm3_stm32f1.a(nvic.o)
 .debug_macro   0x000077c7       0xc0 ../third_party/libopencm3/lib\libopencm3_stm32f1.a(flash_common_all.o)
 .debug_macro   0x00007887      0x125 ../third_party/libopencm3/lib\libopencm3_stm32f1.a(st_usbfs_core.o)

.debug_frame    0x00000000     0x1424
 .debug_frame   0x00000000      0x1a4 build/src/main.o
 .debug_frame   0x000001a4       0x88 ../third_party/libopencm3/lib\libopencm3_stm32f1.a(exti_common_all.o)
 .debug_frame   0x0000022c       0x64 ../third_party/libopencm3/lib\libopencm3_stm32f1.a(gpio.o)
 .debug_frame   0x00000290       0x80 ../third_party/libopencm3/lib\libopencm3_stm32f1.a(gpio_common_all.o)
 .debug_frame   0x00000310      0x318 ../third_party/libopencm3/lib\libopencm3_stm32f1.a(rcc.o)
 .debug_frame   0x00000628       0xe0 ../third_party/libopencm3/lib\libopencm3_stm32f1.a(rcc_common_all.o)
 .debug_frame   0x00000708      0x518 ../third_party/libopencm3/lib\libopencm3_stm32f1.a(timer_common_all.o)
 .debug_frame   0x00000c20      0x15c ../third_party/libopencm3/lib\libopencm3_stm32f1.a(usb.o)
 .debug_frame   0x00000d7c      0x13c ../third_party/libopencm3/lib\libopencm3_stm32f1.a(usb_control.o)
 .debug_frame   0x00000eb8      0x1e8 ../third_party/libopencm3/lib\libopencm3_stm32f1.a(usb_standard.o)
 .debug_frame   0x000010a0       0x54 ../third_party/libopencm3/lib\libopencm3_stm32f1.a(st_usbfs_v1.o)
 .debug_frame   0x000010f4       0xd8 ../third_party/libopencm3/lib\libopencm3_stm32f1.a(systick.o)
 .debug_frame   0x000011cc       0xa0 ../third_party/libopencm3/lib\libopencm3_stm32f1.a(nvic.o)
 .debug_frame   0x0000126c       0x50 ../third_party/libopencm3/lib\libopencm3_stm32f1.a(flash_common_all.o)
 .debug_frame   0x000012bc      0x118 ../third_party/libopencm3/lib\libopencm3_stm32f1.a(st_usbfs_core.o)
 .debug_frame   0x000013d4       0x28 C:/ST/STM32CubeCLT_1.19.0/GNU-tools-for-STM32/bin/../lib/gcc/arm-none-eabi/13.3.1/../../../../arm-none-eabi/lib/thumb/v7-m/nofp\libc.a(libc_a-memcmp.o)
 .debug_frame   0x000013fc       0x28 C:/ST/STM32CubeCLT_1.19.0/GNU-tools-for-STM32/bin/../lib/gcc/arm-none-eabi/13.3.1/../../../../arm-none-eabi/lib/thumb/v7-m/nofp\libc.a(libc_a-memcpy-stub.o)
